#
# A fatal error has been detected by the Java Runtime Environment:
#
#  EXCEPTION_ACCESS_VIOLATION (0xc0000005) at pc=0x00007ffda115d39a, pid=6124, tid=4104
#
# JRE version: Java(TM) SE Runtime Environment (17.0.12+8) (build 17.0.12+8-LTS-286)
# Java VM: Java HotSpot(TM) 64-Bit Server VM (17.0.12+8-LTS-286, mixed mode, sharing, tiered, compressed oops, compressed class ptrs, g1 gc, windows-amd64)
# Problematic frame:
# C  [lwjgl_opengl.dll+0xd39a]
#
# No core dump will be written. Minidumps are not enabled by default on client versions of Windows
#
# If you would like to submit a bug report, please visit:
#   https://bugreport.java.com/bugreport/crash.jsp
# The crash happened outside the Java Virtual Machine in native code.
# See problematic frame for where to report the bug.
#

---------------  S U M M A R Y ------------

Command Line: -javaagent:C:\Program Files\JetBrains\IntelliJ IDEA Community Edition 2025.2.2\lib\idea_rt.jar=55241 -Dfile.encoding=UTF-8 com.thumbling.main.Main

Host: AMD Ryzen 5 5600G with Radeon Graphics         , 12 cores, 15G,  Windows 11 , 64 bit Build 26100 (10.0.26100.5074)
Time: Sun Sep 28 05:30:22 2025 Malay Peninsula Standard Time elapsed time: 0.444376 seconds (0d 0h 0m 0s)

---------------  T H R E A D  ---------------

Current thread (0x0000021aa218e960):  JavaThread "main" [_thread_in_native, id=4104, stack(0x000000298ab00000,0x000000298ac00000)]

Stack: [0x000000298ab00000,0x000000298ac00000],  sp=0x000000298abff188,  free space=1020k
Native frames: (J=compiled Java code, j=interpreted, Vv=VM code, C=native code)
C  [lwjgl_opengl.dll+0xd39a]

Java frames: (J=compiled Java code, j=interpreted, Vv=VM code)
j  org.lwjgl.opengl.GL11C.nglGenTextures(IJ)V+0
j  org.lwjgl.opengl.GL11C.glGenTextures()I+20
j  org.lwjgl.opengl.GL11.glGenTextures()I+0
j  com.thumbling.helpers.FontRenderer.<init>(Ljava/lang/String;II)V+15
j  com.thumbling.main.Main.<init>()V+15
j  com.thumbling.main.Main.main([Ljava/lang/String;)V+4
v  ~StubRoutines::call_stub

siginfo: EXCEPTION_ACCESS_VIOLATION (0xc0000005), reading address 0x00000000000002d8


Registers:
RAX=0x0000000000000000, RBX=0x0000021b074b9858, RCX=0x0000021aa218ec10, RDX=0x0000021b0b24f01c
RSP=0x000000298abff188, RBP=0x000000298abff210, RSI=0x0000021b071af168, RDI=0x0000021ab0f895bf
R8 =0x0000000000000001, R9 =0x0000021b0b24f01c, R10=0x0000021ab0f8d5a7, R11=0x00000007119d8338
R12=0x0000000000000000, R13=0x0000021b074b9858, R14=0x000000298abff240, R15=0x0000021aa218e960
RIP=0x00007ffda115d39a, EFLAGS=0x0000000000010202


Register to memory mapping:

RIP=0x00007ffda115d39a lwjgl_opengl.dll
RAX=0x0 is NULL
RBX={method} {0x0000021b074b9860} 'nglGenTextures' '(IJ)V' in 'org/lwjgl/opengl/GL11C'
RCX=0x0000021aa218ec10 points into unknown readable memory: 0x0000021b0b227a10 | 10 7a 22 0b 1b 02 00 00
RDX=0x0000021b0b24f01c points into unknown readable memory: 00 00 00 00
RSP=0x000000298abff188 is pointing into the stack for thread: 0x0000021aa218e960
RBP=0x000000298abff210 is pointing into the stack for thread: 0x0000021aa218e960
RSI=0x0000021b071af168 is pointing into metadata
RDI=0x0000021ab0f895bf is at code_begin+1343 in an Interpreter codelet
return entry points  [0x0000021ab0f89080, 0x0000021ab0f89bc0]  2880 bytes
R8 =0x0000000000000001 is an unknown value
R9 =0x0000021b0b24f01c points into unknown readable memory: 00 00 00 00
R10=0x0000021ab0f8d5a7 is at code_begin+935 in an Interpreter codelet
method entry point (kind = native)  [0x0000021ab0f8d200, 0x0000021ab0f8db60]  2400 bytes
R11=0x00000007119d8338 is an oop: java.lang.Class 
{0x00000007119d8338} - klass: 'java/lang/Class'
 - ---- fields (total size 116 words):
 - private volatile transient 'classRedefinedCount' 'I' @12  0
 - private volatile transient 'cachedConstructor' 'Ljava/lang/reflect/Constructor;' @40  NULL (0)
 - private transient 'name' 'Ljava/lang/String;' @44  "org.lwjgl.opengl.GL11C"{0x00000007119d86e8} (e233b0dd)
 - private transient 'module' 'Ljava/lang/Module;' @48  a 'java/lang/Module'{0x0000000711c5b600} (e238b6c0)
 - private final 'classLoader' 'Ljava/lang/ClassLoader;' @52  a 'jdk/internal/loader/ClassLoaders$AppClassLoader'{0x0000000711c5b440} (e238b688)
 - private transient 'classData' 'Ljava/lang/Object;' @56  NULL (0)
 - private transient 'packageName' 'Ljava/lang/String;' @60  "org.lwjgl.opengl"{0x0000000711aaed88} (e2355db1)
 - private final 'componentType' 'Ljava/lang/Class;' @64  NULL (0)
 - private volatile transient 'reflectionData' 'Ljava/lang/ref/SoftReference;' @68  NULL (0)
 - private volatile transient 'genericInfo' 'Lsun/reflect/generics/repository/ClassRepository;' @72  NULL (0)
 - private volatile transient 'enumConstants' '[Ljava/lang/Object;' @76  NULL (0)
 - private volatile transient 'enumConstantDirectory' 'Ljava/util/Map;' @80  NULL (0)
 - private volatile transient 'annotationData' 'Ljava/lang/Class$AnnotationData;' @84  NULL (0)
 - private volatile transient 'annotationType' 'Lsun/reflect/annotation/AnnotationType;' @88  NULL (0)
 - transient 'classValueMap' 'Ljava/lang/ClassValue$ClassValueMap;' @92  NULL (0)
 - signature: Lorg/lwjgl/opengl/GL11C;
 - fake entry for mirror: 'org/lwjgl/opengl/GL11C'
 - fake entry for array: NULL
 - fake entry for oop_size: 116
 - fake entry for static_oop_field_count: 0
 - public static final 'GL_NEVER' 'I' @112  512 (200)
 - public static final 'GL_LESS' 'I' @116  513 (201)
 - public static final 'GL_EQUAL' 'I' @120  514 (202)
 - public static final 'GL_LEQUAL' 'I' @124  515 (203)
 - public static final 'GL_GREATER' 'I' @128  516 (204)
 - public static final 'GL_NOTEQUAL' 'I' @132  517 (205)
 - public static final 'GL_GEQUAL' 'I' @136  518 (206)
 - public static final 'GL_ALWAYS' 'I' @140  519 (207)
 - public static final 'GL_DEPTH_BUFFER_BIT' 'I' @144  256 (100)
 - public static final 'GL_STENCIL_BUFFER_BIT' 'I' @148  1024 (400)
 - public static final 'GL_COLOR_BUFFER_BIT' 'I' @152  16384 (4000)
 - public static final 'GL_POINTS' 'I' @156  0
 - public static final 'GL_LINES' 'I' @160  1
 - public static final 'GL_LINE_LOOP' 'I' @164  2
 - public static final 'GL_LINE_STRIP' 'I' @168  3
 - public static final 'GL_TRIANGLES' 'I' @172  4
 - public static final 'GL_TRIANGLE_STRIP' 'I' @176  5
 - public static final 'GL_TRIANGLE_FAN' 'I' @180  6
 - public static final 'GL_QUADS' 'I' @184  7
 - public static final 'GL_ZERO' 'I' @188  0
 - public static final 'GL_ONE' 'I' @192  1
 - public static final 'GL_SRC_COLOR' 'I' @196  768 (300)
 - public static final 'GL_ONE_MINUS_SRC_COLOR' 'I' @200  769 (301)
 - public static final 'GL_SRC_ALPHA' 'I' @204  770 (302)
 - public static final 'GL_ONE_MINUS_SRC_ALPHA' 'I' @208  771 (303)
 - public static final 'GL_DST_ALPHA' 'I' @212  772 (304)
 - public static final 'GL_ONE_MINUS_DST_ALPHA' 'I' @216  773 (305)
 - public static final 'GL_DST_COLOR' 'I' @220  774 (306)
 - public static final 'GL_ONE_MINUS_DST_COLOR' 'I' @224  775 (307)
 - public static final 'GL_SRC_ALPHA_SATURATE' 'I' @228  776 (308)
 - public static final 'GL_TRUE' 'I' @232  1
 - public static final 'GL_FALSE' 'I' @236  0
 - public static final 'GL_BYTE' 'I' @240  5120 (1400)
 - public static final 'GL_UNSIGNED_BYTE' 'I' @244  5121 (1401)
 - public static final 'GL_SHORT' 'I' @248  5122 (1402)
 - public static final 'GL_UNSIGNED_SHORT' 'I' @252  5123 (1403)
 - public static final 'GL_INT' 'I' @256  5124 (1404)
 - public static final 'GL_UNSIGNED_INT' 'I' @260  5125 (1405)
 - public static final 'GL_FLOAT' 'I' @264  5126 (1406)
 - public static final 'GL_DOUBLE' 'I' @268  5130 (140a)
 - public static final 'GL_NONE' 'I' @272  0
 - public static final 'GL_FRONT_LEFT' 'I' @276  1024 (400)
 - public static final 'GL_FRONT_RIGHT' 'I' @280  1025 (401)
 - public static final 'GL_BACK_LEFT' 'I' @284  1026 (402)
 - public static final 'GL_BACK_RIGHT' 'I' @288  1027 (403)
 - public static final 'GL_FRONT' 'I' @292  1028 (404)
 - public static final 'GL_BACK' 'I' @296  1029 (405)
 - public static final 'GL_LEFT' 'I' @300  1030 (406)
 - public static final 'GL_RIGHT' 'I' @304  1031 (407)
 - public static final 'GL_FRONT_AND_BACK' 'I' @308  1032 (408)
 - public static final 'GL_NO_ERROR' 'I' @312  0
 - public static final 'GL_INVALID_ENUM' 'I' @316  1280 (500)
 - public static final 'GL_INVALID_VALUE' 'I' @320  1281 (501)
 - public static final 'GL_INVALID_OPERATION' 'I' @324  1282 (502)
 - public static final 'GL_STACK_OVERFLOW' 'I' @328  1283 (503)
 - public static final 'GL_STACK_UNDERFLOW' 'I' @332  1284 (504)
 - public static final 'GL_OUT_OF_MEMORY' 'I' @336  1285 (505)
 - public static final 'GL_CW' 'I' @340  2304 (900)
 - public static final 'GL_CCW' 'I' @344  2305 (901)
 - public static final 'GL_POINT_SIZE' 'I' @348  2833 (b11)
 - public static final 'GL_POINT_SIZE_RANGE' 'I' @352  2834 (b12)
 - public static final 'GL_POINT_SIZE_GRANULARITY' 'I' @356  2835 (b13)
 - public static final 'GL_LINE_SMOOTH' 'I' @360  2848 (b20)
 - public static final 'GL_LINE_WIDTH' 'I' @364  2849 (b21)
 - public static final 'GL_LINE_WIDTH_RANGE' 'I' @368  2850 (b22)
 - public static final 'GL_LINE_WIDTH_GRANULARITY' 'I' @372  2851 (b23)
 - public static final 'GL_POLYGON_MODE' 'I' @376  2880 (b40)
 - public static final 'GL_POLYGON_SMOOTH' 'I' @380  2881 (b41)
 - public static final 'GL_CULL_FACE' 'I' @384  2884 (b44)
 - public static final 'GL_CULL_FACE_MODE' 'I' @388  2885 (b45)
 - public static final 'GL_FRONT_FACE' 'I' @392  2886 (b46)
 - public static final 'GL_DEPTH_RANGE' 'I' @396  2928 (b70)
 - public static final 'GL_DEPTH_TEST' 'I' @400  2929 (b71)
 - public static final 'GL_DEPTH_WRITEMASK' 'I' @404  2930 (b72)
 - public static final 'GL_DEPTH_CLEAR_VALUE' 'I' @408  2931 (b73)
 - public static final 'GL_DEPTH_FUNC' 'I' @412  2932 (b74)
 - public static final 'GL_STENCIL_TEST' 'I' @416  2960 (b90)
 - public static final 'GL_STENCIL_CLEAR_VALUE' 'I' @420  2961 (b91)
 - public static final 'GL_STENCIL_FUNC' 'I' @424  2962 (b92)
 - public static final 'GL_STENCIL_VALUE_MASK' 'I' @428  2963 (b93)
 - public static final 'GL_STENCIL_FAIL' 'I' @432  2964 (b94)
 - public static final 'GL_STENCIL_PASS_DEPTH_FAIL' 'I' @436  2965 (b95)
 - public static final 'GL_STENCIL_PASS_DEPTH_PASS' 'I' @440  2966 (b96)
 - public static final 'GL_STENCIL_REF' 'I' @444  2967 (b97)
 - public static final 'GL_STENCIL_WRITEMASK' 'I' @448  2968 (b98)
 - public static final 'GL_VIEWPORT' 'I' @452  2978 (ba2)
 - public static final 'GL_DITHER' 'I' @456  3024 (bd0)
 - public static final 'GL_BLEND_DST' 'I' @460  3040 (be0)
 - public static final 'GL_BLEND_SRC' 'I' @464  3041 (be1)
 - public static final 'GL_BLEND' 'I' @468  3042 (be2)
 - public static final 'GL_LOGIC_OP_MODE' 'I' @472  3056 (bf0)
 - public static final 'GL_COLOR_LOGIC_OP' 'I' @476  3058 (bf2)
 - public static final 'GL_DRAW_BUFFER' 'I' @480  3073 (c01)
 - public static final 'GL_READ_BUFFER' 'I' @484  3074 (c02)
 - public static final 'GL_SCISSOR_BOX' 'I' @488  3088 (c10)
 - public static final 'GL_SCISSOR_TEST' 'I' @492  3089 (c11)
 - public static final 'GL_COLOR_CLEAR_VALUE' 'I' @496  3106 (c22)
 - public static final 'GL_COLOR_WRITEMASK' 'I' @500  3107 (c23)
 - public static final 'GL_DOUBLEBUFFER' 'I' @504  3122 (c32)
 - public static final 'GL_STEREO' 'I' @508  3123 (c33)
 - public static final 'GL_LINE_SMOOTH_HINT' 'I' @512  3154 (c52)
 - public static final 'GL_POLYGON_SMOOTH_HINT' 'I' @516  3155 (c53)
 - public static final 'GL_UNPACK_SWAP_BYTES' 'I' @520  3312 (cf0)
 - public static final 'GL_UNPACK_LSB_FIRST' 'I' @524  3313 (cf1)
 - public static final 'GL_UNPACK_ROW_LENGTH' 'I' @528  3314 (cf2)
 - public static final 'GL_UNPACK_SKIP_ROWS' 'I' @532  3315 (cf3)
 - public static final 'GL_UNPACK_SKIP_PIXELS' 'I' @536  3316 (cf4)
 - public static final 'GL_UNPACK_ALIGNMENT' 'I' @540  3317 (cf5)
 - public static final 'GL_PACK_SWAP_BYTES' 'I' @544  3328 (d00)
 - public static final 'GL_PACK_LSB_FIRST' 'I' @548  3329 (d01)
 - public static final 'GL_PACK_ROW_LENGTH' 'I' @552  3330 (d02)
 - public static final 'GL_PACK_SKIP_ROWS' 'I' @556  3331 (d03)
 - public static final 'GL_PACK_SKIP_PIXELS' 'I' @560  3332 (d04)
 - public static final 'GL_PACK_ALIGNMENT' 'I' @564  3333 (d05)
 - public static final 'GL_MAX_TEXTURE_SIZE' 'I' @568  3379 (d33)
 - public static final 'GL_MAX_VIEWPORT_DIMS' 'I' @572  3386 (d3a)
 - public static final 'GL_SUBPIXEL_BITS' 'I' @576  3408 (d50)
 - public static final 'GL_TEXTURE_1D' 'I' @580  3552 (de0)
 - public static final 'GL_TEXTURE_2D' 'I' @584  3553 (de1)
 - public static final 'GL_TEXTURE_WIDTH' 'I' @588  4096 (1000)
 - public static final 'GL_TEXTURE_HEIGHT' 'I' @592  4097 (1001)
 - public static final 'GL_TEXTURE_INTERNAL_FORMAT' 'I' @596  4099 (1003)
 - public static final 'GL_TEXTURE_BORDER_COLOR' 'I' @600  4100 (1004)
 - public static final 'GL_DONT_CARE' 'I' @604  4352 (1100)
 - public static final 'GL_FASTEST' 'I' @608  4353 (1101)
 - public static final 'GL_NICEST' 'I' @612  4354 (1102)
 - public static final 'GL_CLEAR' 'I' @616  5376 (1500)
 - public static final 'GL_AND' 'I' @620  5377 (1501)
 - public static final 'GL_AND_REVERSE' 'I' @624  5378 (1502)
 - public static final 'GL_COPY' 'I' @628  5379 (1503)
 - public static final 'GL_AND_INVERTED' 'I' @632  5380 (1504)
 - public static final 'GL_NOOP' 'I' @636  5381 (1505)
 - public static final 'GL_XOR' 'I' @640  5382 (1506)
 - public static final 'GL_OR' 'I' @644  5383 (1507)
 - public static final 'GL_NOR' 'I' @648  5384 (1508)
 - public static final 'GL_EQUIV' 'I' @652  5385 (1509)
 - public static final 'GL_INVERT' 'I' @656  5386 (150a)
 - public static final 'GL_OR_REVERSE' 'I' @660  5387 (150b)
 - public static final 'GL_COPY_INVERTED' 'I' @664  5388 (150c)
 - public static final 'GL_OR_INVERTED' 'I' @668  5389 (150d)
 - public static final 'GL_NAND' 'I' @672  5390 (150e)
 - public static final 'GL_SET' 'I' @676  5391 (150f)
 - public static final 'GL_TEXTURE' 'I' @680  5890 (1702)
 - public static final 'GL_COLOR' 'I' @684  6144 (1800)
 - public static final 'GL_DEPTH' 'I' @688  6145 (1801)
 - public static final 'GL_STENCIL' 'I' @692  6146 (1802)
 - public static final 'GL_STENCIL_INDEX' 'I' @696  6401 (1901)
 - public static final 'GL_DEPTH_COMPONENT' 'I' @700  6402 (1902)
 - public static final 'GL_RED' 'I' @704  6403 (1903)
 - public static final 'GL_GREEN' 'I' @708  6404 (1904)
 - public static final 'GL_BLUE' 'I' @712  6405 (1905)
 - public static final 'GL_ALPHA' 'I' @716  6406 (1906)
 - public static final 'GL_RGB' 'I' @720  6407 (1907)
 - public static final 'GL_RGBA' 'I' @724  6408 (1908)
 - public static final 'GL_POINT' 'I' @728  6912 (1b00)
 - public static final 'GL_LINE' 'I' @732  6913 (1b01)
 - public static final 'GL_FILL' 'I' @736  6914 (1b02)
 - public static final 'GL_KEEP' 'I' @740  7680 (1e00)
 - public static final 'GL_REPLACE' 'I' @744  7681 (1e01)
 - public static final 'GL_INCR' 'I' @748  7682 (1e02)
 - public static final 'GL_DECR' 'I' @752  7683 (1e03)
 - public static final 'GL_VENDOR' 'I' @756  7936 (1f00)
 - public static final 'GL_RENDERER' 'I' @760  7937 (1f01)
 - public static final 'GL_VERSION' 'I' @764  7938 (1f02)
 - public static final 'GL_EXTENSIONS' 'I' @768  7939 (1f03)
 - public static final 'GL_NEAREST' 'I' @772  9728 (2600)
 - public static final 'GL_LINEAR' 'I' @776  9729 (2601)
 - public static final 'GL_NEAREST_MIPMAP_NEAREST' 'I' @780  9984 (2700)
 - public static final 'GL_LINEAR_MIPMAP_NEAREST' 'I' @784  9985 (2701)
 - public static final 'GL_NEAREST_MIPMAP_LINEAR' 'I' @788  9986 (2702)
 - public static final 'GL_LINEAR_MIPMAP_LINEAR' 'I' @792  9987 (2703)
 - public static final 'GL_TEXTURE_MAG_FILTER' 'I' @796  10240 (2800)
 - public static final 'GL_TEXTURE_MIN_FILTER' 'I' @800  10241 (2801)
 - public static final 'GL_TEXTURE_WRAP_S' 'I' @804  10242 (2802)
 - public static final 'GL_TEXTURE_WRAP_T' 'I' @808  10243 (2803)
 - public static final 'GL_REPEAT' 'I' @812  10497 (2901)
 - public static final 'GL_POLYGON_OFFSET_FACTOR' 'I' @816  32824 (8038)
 - public static final 'GL_POLYGON_OFFSET_UNITS' 'I' @820  10752 (2a00)
 - public static final 'GL_POLYGON_OFFSET_POINT' 'I' @824  10753 (2a01)
 - public static final 'GL_POLYGON_OFFSET_LINE' 'I' @828  10754 (2a02)
 - public static final 'GL_POLYGON_OFFSET_FILL' 'I' @832  32823 (8037)
 - public static final 'GL_R3_G3_B2' 'I' @836  10768 (2a10)
 - public static final 'GL_RGB4' 'I' @840  32847 (804f)
 - public static final 'GL_RGB5' 'I' @844  32848 (8050)
 - public static final 'GL_RGB8' 'I' @848  32849 (8051)
 - public static final 'GL_RGB10' 'I' @852  32850 (8052)
 - public static final 'GL_RGB12' 'I' @856  32851 (8053)
 - public static final 'GL_RGB16' 'I' @860  32852 (8054)
 - public static final 'GL_RGBA2' 'I' @864  32853 (8055)
 - public static final 'GL_RGBA4' 'I' @868  32854 (8056)
 - public static final 'GL_RGB5_A1' 'I' @872  32855 (8057)
 - public static final 'GL_RGBA8' 'I' @876  32856 (8058)
 - public static final 'GL_RGB10_A2' 'I' @880  32857 (8059)
 - public static final 'GL_RGBA12' 'I' @884  32858 (805a)
 - public static final 'GL_RGBA16' 'I' @888  32859 (805b)
 - public static final 'GL_TEXTURE_RED_SIZE' 'I' @892  32860 (805c)
 - public static final 'GL_TEXTURE_GREEN_SIZE' 'I' @896  32861 (805d)
 - public static final 'GL_TEXTURE_BLUE_SIZE' 'I' @900  32862 (805e)
 - public static final 'GL_TEXTURE_ALPHA_SIZE' 'I' @904  32863 (805f)
 - public static final 'GL_PROXY_TEXTURE_1D' 'I' @908  32867 (8063)
 - public static final 'GL_PROXY_TEXTURE_2D' 'I' @912  32868 (8064)
 - public static final 'GL_TEXTURE_BINDING_1D' 'I' @916  32872 (8068)
 - public static final 'GL_TEXTURE_BINDING_2D' 'I' @920  32873 (8069)
 - public static final 'GL_VERTEX_ARRAY' 'I' @924  32884 (8074)
R12=0x0 is NULL
R13={method} {0x0000021b074b9860} 'nglGenTextures' '(IJ)V' in 'org/lwjgl/opengl/GL11C'
R14=0x000000298abff240 is pointing into the stack for thread: 0x0000021aa218e960
R15=0x0000021aa218e960 is a thread


Top of Stack: (sp=0x000000298abff188)
0x000000298abff188:   0000021ab0f8d5d6 0000021ab0f895bf
0x000000298abff198:   0000021ab0f8d310 0000021b074b9858
0x000000298abff1a8:   0000021b071af168 000000298abff228
0x000000298abff1b8:   0000021ab0f895bf 0000021ab0f8d2b6
0x000000298abff1c8:   000000298abff1c8 0000021b074b9858
0x000000298abff1d8:   000000298abff240 0000021b074c3788
0x000000298abff1e8:   0000000000000000 00000007119d8338
0x000000298abff1f8:   0000021b074b9858 0000000000000000
0x000000298abff208:   000000298abff230 000000298abff290
0x000000298abff218:   0000021ab0f894f0 00000007119d8338
0x000000298abff228:   0000021ab0f8af57 0000021b0b24f01c
0x000000298abff238:   0000000000000000 0000000000000001
0x000000298abff248:   000000298abff248 0000021b074b99cc
0x000000298abff258:   000000298abff2c0 0000021b074c3788
0x000000298abff268:   0000000000000000 00000007119d8338
0x000000298abff278:   0000021b074b9a38 000000298abff230 

Instructions: (pc=0x00007ffda115d39a)
0x00007ffda115d29a:   cc cc cc cc cc cc 48 8b 01 48 8b 40 18 44 89 c1
0x00007ffda115d2aa:   48 ff a0 d0 01 00 00 cc cc cc cc cc cc cc cc cc
0x00007ffda115d2ba:   cc cc cc cc cc cc 0f 28 cb 0f 28 c2 48 8b 01 48
0x00007ffda115d2ca:   8b 40 18 48 8b 80 d8 01 00 00 48 ff e0 cc cc cc
0x00007ffda115d2da:   cc cc cc cc cc cc 44 89 ca 44 89 c0 44 8b 44 24
0x00007ffda115d2ea:   28 48 8b 09 48 8b 49 18 4c 8b 89 e8 01 00 00 89
0x00007ffda115d2fa:   c1 49 ff e1 cc cc 48 8b 01 48 8b 40 18 44 89 c1
0x00007ffda115d30a:   48 ff a0 f0 01 00 00 cc cc cc cc cc cc cc cc cc
0x00007ffda115d31a:   cc cc cc cc cc cc 44 89 ca 44 89 c0 44 8b 44 24
0x00007ffda115d32a:   28 4c 8b 4c 24 30 48 8b 09 48 8b 49 18 4c 8b 91
0x00007ffda115d33a:   f8 01 00 00 89 c1 49 ff e2 cc cc cc cc cc cc cc
0x00007ffda115d34a:   cc cc cc cc cc cc 48 8b 01 48 8b 40 18 48 ff a0
0x00007ffda115d35a:   98 02 00 00 cc cc 48 8b 01 48 8b 40 18 48 ff a0
0x00007ffda115d36a:   a0 02 00 00 cc cc 48 8b 01 48 8b 40 18 44 89 c1
0x00007ffda115d37a:   48 ff a0 c8 02 00 00 cc cc cc cc cc cc cc cc cc
0x00007ffda115d38a:   cc cc cc cc cc cc 4c 89 ca 48 8b 01 48 8b 40 18
0x00007ffda115d39a:   48 8b 80 d8 02 00 00 44 89 c1 48 ff e0 cc cc cc
0x00007ffda115d3aa:   cc cc cc cc cc cc 4c 89 ca 48 8b 01 48 8b 40 18
0x00007ffda115d3ba:   48 8b 80 e0 02 00 00 44 89 c1 48 ff e0 cc cc cc
0x00007ffda115d3ca:   cc cc cc cc cc cc 4c 89 ca 48 8b 01 48 8b 40 18
0x00007ffda115d3da:   48 8b 80 f0 02 00 00 44 89 c1 48 ff e0 cc cc cc
0x00007ffda115d3ea:   cc cc cc cc cc cc 4c 89 ca 48 8b 01 48 8b 40 18
0x00007ffda115d3fa:   48 8b 80 f8 02 00 00 44 89 c1 48 ff e0 cc cc cc
0x00007ffda115d40a:   cc cc cc cc cc cc 4c 89 ca 48 8b 01 48 8b 40 18
0x00007ffda115d41a:   48 8b 80 00 03 00 00 44 89 c1 48 ff e0 cc cc cc
0x00007ffda115d42a:   cc cc cc cc cc cc 4c 89 ca 48 8b 01 48 8b 40 18
0x00007ffda115d43a:   48 8b 80 08 03 00 00 44 89 c1 48 ff e0 cc cc cc
0x00007ffda115d44a:   cc cc cc cc cc cc 48 8b 01 48 8b 40 18 48 ff a0
0x00007ffda115d45a:   10 03 00 00 cc cc 4c 89 ca 48 8b 01 48 8b 40 18
0x00007ffda115d46a:   48 8b 80 68 03 00 00 44 89 c1 48 ff e0 cc cc cc
0x00007ffda115d47a:   cc cc cc cc cc cc 48 8b 01 48 8b 40 18 44 89 c1
0x00007ffda115d48a:   48 ff a0 78 03 00 00 cc cc cc cc cc cc cc cc cc 


Stack slot to memory mapping:
stack at sp + 0 slots: 0x0000021ab0f8d5d6 is at code_begin+982 in an Interpreter codelet
method entry point (kind = native)  [0x0000021ab0f8d200, 0x0000021ab0f8db60]  2400 bytes
stack at sp + 1 slots: 0x0000021ab0f895bf is at code_begin+1343 in an Interpreter codelet
return entry points  [0x0000021ab0f89080, 0x0000021ab0f89bc0]  2880 bytes
stack at sp + 2 slots: 0x0000021ab0f8d310 is at code_begin+272 in an Interpreter codelet
method entry point (kind = native)  [0x0000021ab0f8d200, 0x0000021ab0f8db60]  2400 bytes
stack at sp + 3 slots: {method} {0x0000021b074b9860} 'nglGenTextures' '(IJ)V' in 'org/lwjgl/opengl/GL11C'
stack at sp + 4 slots: 0x0000021b071af168 is pointing into metadata
stack at sp + 5 slots: 0x000000298abff228 is pointing into the stack for thread: 0x0000021aa218e960
stack at sp + 6 slots: 0x0000021ab0f895bf is at code_begin+1343 in an Interpreter codelet
return entry points  [0x0000021ab0f89080, 0x0000021ab0f89bc0]  2880 bytes
stack at sp + 7 slots: 0x0000021ab0f8d2b6 is at code_begin+182 in an Interpreter codelet
method entry point (kind = native)  [0x0000021ab0f8d200, 0x0000021ab0f8db60]  2400 bytes


---------------  P R O C E S S  ---------------

Threads class SMR info:
_java_thread_list=0x0000021ac5552200, length=13, elements={
0x0000021aa218e960, 0x0000021ac533a0b0, 0x0000021ac533c890, 0x0000021ac5354a60,
0x0000021ac5357040, 0x0000021ac5357610, 0x0000021ac535bbf0, 0x0000021ac535faa0,
0x0000021ac5360160, 0x0000021ac5378760, 0x0000021ac4a9d960, 0x0000021ac54fe310,
0x0000021ac55dcf40
}

Java Threads: ( => current thread )
=>0x0000021aa218e960 JavaThread "main" [_thread_in_native, id=4104, stack(0x000000298ab00000,0x000000298ac00000)]
  0x0000021ac533a0b0 JavaThread "Reference Handler" daemon [_thread_blocked, id=20692, stack(0x000000298b200000,0x000000298b300000)]
  0x0000021ac533c890 JavaThread "Finalizer" daemon [_thread_blocked, id=7756, stack(0x000000298b300000,0x000000298b400000)]
  0x0000021ac5354a60 JavaThread "Signal Dispatcher" daemon [_thread_blocked, id=21024, stack(0x000000298b400000,0x000000298b500000)]
  0x0000021ac5357040 JavaThread "Attach Listener" daemon [_thread_blocked, id=11192, stack(0x000000298b500000,0x000000298b600000)]
  0x0000021ac5357610 JavaThread "Service Thread" daemon [_thread_blocked, id=19880, stack(0x000000298b600000,0x000000298b700000)]
  0x0000021ac535bbf0 JavaThread "Monitor Deflation Thread" daemon [_thread_blocked, id=8736, stack(0x000000298b700000,0x000000298b800000)]
  0x0000021ac535faa0 JavaThread "C2 CompilerThread0" daemon [_thread_blocked, id=11204, stack(0x000000298b800000,0x000000298b900000)]
  0x0000021ac5360160 JavaThread "C1 CompilerThread0" daemon [_thread_blocked, id=17204, stack(0x000000298b900000,0x000000298ba00000)]
  0x0000021ac5378760 JavaThread "Sweeper thread" daemon [_thread_blocked, id=13452, stack(0x000000298ba00000,0x000000298bb00000)]
  0x0000021ac4a9d960 JavaThread "Common-Cleaner" daemon [_thread_blocked, id=18236, stack(0x000000298bb00000,0x000000298bc00000)]
  0x0000021ac54fe310 JavaThread "Monitor Ctrl-Break" daemon [_thread_in_native, id=13240, stack(0x000000298bc00000,0x000000298bd00000)]
  0x0000021ac55dcf40 JavaThread "Notification Thread" daemon [_thread_blocked, id=7468, stack(0x000000298bd00000,0x000000298be00000)]

Other Threads:
  0x0000021ac4aac530 VMThread "VM Thread" [stack: 0x000000298b100000,0x000000298b200000] [id=11280]
  0x0000021aa22197f0 WatcherThread [stack: 0x000000298be00000,0x000000298bf00000] [id=11180]
  0x0000021aa21fbe40 GCTaskThread "GC Thread#0" [stack: 0x000000298ac00000,0x000000298ad00000] [id=9364]
  0x0000021aa220dd00 ConcurrentGCThread "G1 Main Marker" [stack: 0x000000298ad00000,0x000000298ae00000] [id=14384]
  0x0000021aa220f280 ConcurrentGCThread "G1 Conc#0" [stack: 0x000000298ae00000,0x000000298af00000] [id=17260]
  0x0000021aa224ba60 ConcurrentGCThread "G1 Refine#0" [stack: 0x000000298af00000,0x000000298b000000] [id=13840]
  0x0000021ac4975ff0 ConcurrentGCThread "G1 Service" [stack: 0x000000298b000000,0x000000298b100000] [id=19408]

Threads with active compile tasks:

VM state: not at safepoint (normal execution)

VM Mutex/Monitor currently owned by a thread: None

Heap address: 0x0000000702000000, size: 4064 MB, Compressed Oops mode: Zero based, Oop shift amount: 3

CDS archive(s) mapped at: [0x0000021ac6000000-0x0000021ac6bd0000-0x0000021ac6bd0000), size 12386304, SharedBaseAddress: 0x0000021ac6000000, ArchiveRelocationMode: 1.
Compressed class space mapped at: 0x0000021ac7000000-0x0000021b07000000, reserved size: 1073741824
Narrow klass base: 0x0000021ac6000000, Narrow klass shift: 0, Narrow klass range: 0x100000000

GC Precious Log:
 CPUs: 12 total, 12 available
 Memory: 16251M
 Large Page Support: Disabled
 NUMA Support: Disabled
 Compressed Oops: Enabled (Zero based)
 Heap Region Size: 2M
 Heap Min Capacity: 8M
 Heap Initial Capacity: 254M
 Heap Max Capacity: 4064M
 Pre-touch: Disabled
 Parallel Workers: 10
 Concurrent Workers: 3
 Concurrent Refinement Workers: 10
 Periodic GC: Disabled

Heap:
 garbage-first heap   total 260096K, used 4096K [0x0000000702000000, 0x0000000800000000)
  region size 2048K, 3 young (6144K), 0 survivors (0K)
 Metaspace       used 2733K, committed 2880K, reserved 1114112K
  class space    used 225K, committed 320K, reserved 1048576K

Heap Regions: E=young(eden), S=young(survivor), O=old, HS=humongous(starts), HC=humongous(continues), CS=collection set, F=free, OA=open archive, CA=closed archive, TAMS=top-at-mark-start (previous, next)
|   0|0x0000000702000000, 0x0000000702000000, 0x0000000702200000|  0%| F|  |TAMS 0x0000000702000000, 0x0000000702000000| Untracked 
|   1|0x0000000702200000, 0x0000000702200000, 0x0000000702400000|  0%| F|  |TAMS 0x0000000702200000, 0x0000000702200000| Untracked 
|   2|0x0000000702400000, 0x0000000702400000, 0x0000000702600000|  0%| F|  |TAMS 0x0000000702400000, 0x0000000702400000| Untracked 
|   3|0x0000000702600000, 0x0000000702600000, 0x0000000702800000|  0%| F|  |TAMS 0x0000000702600000, 0x0000000702600000| Untracked 
|   4|0x0000000702800000, 0x0000000702800000, 0x0000000702a00000|  0%| F|  |TAMS 0x0000000702800000, 0x0000000702800000| Untracked 
|   5|0x0000000702a00000, 0x0000000702a00000, 0x0000000702c00000|  0%| F|  |TAMS 0x0000000702a00000, 0x0000000702a00000| Untracked 
|   6|0x0000000702c00000, 0x0000000702c00000, 0x0000000702e00000|  0%| F|  |TAMS 0x0000000702c00000, 0x0000000702c00000| Untracked 
|   7|0x0000000702e00000, 0x0000000702e00000, 0x0000000703000000|  0%| F|  |TAMS 0x0000000702e00000, 0x0000000702e00000| Untracked 
|   8|0x0000000703000000, 0x0000000703000000, 0x0000000703200000|  0%| F|  |TAMS 0x0000000703000000, 0x0000000703000000| Untracked 
|   9|0x0000000703200000, 0x0000000703200000, 0x0000000703400000|  0%| F|  |TAMS 0x0000000703200000, 0x0000000703200000| Untracked 
|  10|0x0000000703400000, 0x0000000703400000, 0x0000000703600000|  0%| F|  |TAMS 0x0000000703400000, 0x0000000703400000| Untracked 
|  11|0x0000000703600000, 0x0000000703600000, 0x0000000703800000|  0%| F|  |TAMS 0x0000000703600000, 0x0000000703600000| Untracked 
|  12|0x0000000703800000, 0x0000000703800000, 0x0000000703a00000|  0%| F|  |TAMS 0x0000000703800000, 0x0000000703800000| Untracked 
|  13|0x0000000703a00000, 0x0000000703a00000, 0x0000000703c00000|  0%| F|  |TAMS 0x0000000703a00000, 0x0000000703a00000| Untracked 
|  14|0x0000000703c00000, 0x0000000703c00000, 0x0000000703e00000|  0%| F|  |TAMS 0x0000000703c00000, 0x0000000703c00000| Untracked 
|  15|0x0000000703e00000, 0x0000000703e00000, 0x0000000704000000|  0%| F|  |TAMS 0x0000000703e00000, 0x0000000703e00000| Untracked 
|  16|0x0000000704000000, 0x0000000704000000, 0x0000000704200000|  0%| F|  |TAMS 0x0000000704000000, 0x0000000704000000| Untracked 
|  17|0x0000000704200000, 0x0000000704200000, 0x0000000704400000|  0%| F|  |TAMS 0x0000000704200000, 0x0000000704200000| Untracked 
|  18|0x0000000704400000, 0x0000000704400000, 0x0000000704600000|  0%| F|  |TAMS 0x0000000704400000, 0x0000000704400000| Untracked 
|  19|0x0000000704600000, 0x0000000704600000, 0x0000000704800000|  0%| F|  |TAMS 0x0000000704600000, 0x0000000704600000| Untracked 
|  20|0x0000000704800000, 0x0000000704800000, 0x0000000704a00000|  0%| F|  |TAMS 0x0000000704800000, 0x0000000704800000| Untracked 
|  21|0x0000000704a00000, 0x0000000704a00000, 0x0000000704c00000|  0%| F|  |TAMS 0x0000000704a00000, 0x0000000704a00000| Untracked 
|  22|0x0000000704c00000, 0x0000000704c00000, 0x0000000704e00000|  0%| F|  |TAMS 0x0000000704c00000, 0x0000000704c00000| Untracked 
|  23|0x0000000704e00000, 0x0000000704e00000, 0x0000000705000000|  0%| F|  |TAMS 0x0000000704e00000, 0x0000000704e00000| Untracked 
|  24|0x0000000705000000, 0x0000000705000000, 0x0000000705200000|  0%| F|  |TAMS 0x0000000705000000, 0x0000000705000000| Untracked 
|  25|0x0000000705200000, 0x0000000705200000, 0x0000000705400000|  0%| F|  |TAMS 0x0000000705200000, 0x0000000705200000| Untracked 
|  26|0x0000000705400000, 0x0000000705400000, 0x0000000705600000|  0%| F|  |TAMS 0x0000000705400000, 0x0000000705400000| Untracked 
|  27|0x0000000705600000, 0x0000000705600000, 0x0000000705800000|  0%| F|  |TAMS 0x0000000705600000, 0x0000000705600000| Untracked 
|  28|0x0000000705800000, 0x0000000705800000, 0x0000000705a00000|  0%| F|  |TAMS 0x0000000705800000, 0x0000000705800000| Untracked 
|  29|0x0000000705a00000, 0x0000000705a00000, 0x0000000705c00000|  0%| F|  |TAMS 0x0000000705a00000, 0x0000000705a00000| Untracked 
|  30|0x0000000705c00000, 0x0000000705c00000, 0x0000000705e00000|  0%| F|  |TAMS 0x0000000705c00000, 0x0000000705c00000| Untracked 
|  31|0x0000000705e00000, 0x0000000705e00000, 0x0000000706000000|  0%| F|  |TAMS 0x0000000705e00000, 0x0000000705e00000| Untracked 
|  32|0x0000000706000000, 0x0000000706000000, 0x0000000706200000|  0%| F|  |TAMS 0x0000000706000000, 0x0000000706000000| Untracked 
|  33|0x0000000706200000, 0x0000000706200000, 0x0000000706400000|  0%| F|  |TAMS 0x0000000706200000, 0x0000000706200000| Untracked 
|  34|0x0000000706400000, 0x0000000706400000, 0x0000000706600000|  0%| F|  |TAMS 0x0000000706400000, 0x0000000706400000| Untracked 
|  35|0x0000000706600000, 0x0000000706600000, 0x0000000706800000|  0%| F|  |TAMS 0x0000000706600000, 0x0000000706600000| Untracked 
|  36|0x0000000706800000, 0x0000000706800000, 0x0000000706a00000|  0%| F|  |TAMS 0x0000000706800000, 0x0000000706800000| Untracked 
|  37|0x0000000706a00000, 0x0000000706a00000, 0x0000000706c00000|  0%| F|  |TAMS 0x0000000706a00000, 0x0000000706a00000| Untracked 
|  38|0x0000000706c00000, 0x0000000706c00000, 0x0000000706e00000|  0%| F|  |TAMS 0x0000000706c00000, 0x0000000706c00000| Untracked 
|  39|0x0000000706e00000, 0x0000000706e00000, 0x0000000707000000|  0%| F|  |TAMS 0x0000000706e00000, 0x0000000706e00000| Untracked 
|  40|0x0000000707000000, 0x0000000707000000, 0x0000000707200000|  0%| F|  |TAMS 0x0000000707000000, 0x0000000707000000| Untracked 
|  41|0x0000000707200000, 0x0000000707200000, 0x0000000707400000|  0%| F|  |TAMS 0x0000000707200000, 0x0000000707200000| Untracked 
|  42|0x0000000707400000, 0x0000000707400000, 0x0000000707600000|  0%| F|  |TAMS 0x0000000707400000, 0x0000000707400000| Untracked 
|  43|0x0000000707600000, 0x0000000707600000, 0x0000000707800000|  0%| F|  |TAMS 0x0000000707600000, 0x0000000707600000| Untracked 
|  44|0x0000000707800000, 0x0000000707800000, 0x0000000707a00000|  0%| F|  |TAMS 0x0000000707800000, 0x0000000707800000| Untracked 
|  45|0x0000000707a00000, 0x0000000707a00000, 0x0000000707c00000|  0%| F|  |TAMS 0x0000000707a00000, 0x0000000707a00000| Untracked 
|  46|0x0000000707c00000, 0x0000000707c00000, 0x0000000707e00000|  0%| F|  |TAMS 0x0000000707c00000, 0x0000000707c00000| Untracked 
|  47|0x0000000707e00000, 0x0000000707e00000, 0x0000000708000000|  0%| F|  |TAMS 0x0000000707e00000, 0x0000000707e00000| Untracked 
|  48|0x0000000708000000, 0x0000000708000000, 0x0000000708200000|  0%| F|  |TAMS 0x0000000708000000, 0x0000000708000000| Untracked 
|  49|0x0000000708200000, 0x0000000708200000, 0x0000000708400000|  0%| F|  |TAMS 0x0000000708200000, 0x0000000708200000| Untracked 
|  50|0x0000000708400000, 0x0000000708400000, 0x0000000708600000|  0%| F|  |TAMS 0x0000000708400000, 0x0000000708400000| Untracked 
|  51|0x0000000708600000, 0x0000000708600000, 0x0000000708800000|  0%| F|  |TAMS 0x0000000708600000, 0x0000000708600000| Untracked 
|  52|0x0000000708800000, 0x0000000708800000, 0x0000000708a00000|  0%| F|  |TAMS 0x0000000708800000, 0x0000000708800000| Untracked 
|  53|0x0000000708a00000, 0x0000000708a00000, 0x0000000708c00000|  0%| F|  |TAMS 0x0000000708a00000, 0x0000000708a00000| Untracked 
|  54|0x0000000708c00000, 0x0000000708c00000, 0x0000000708e00000|  0%| F|  |TAMS 0x0000000708c00000, 0x0000000708c00000| Untracked 
|  55|0x0000000708e00000, 0x0000000708e00000, 0x0000000709000000|  0%| F|  |TAMS 0x0000000708e00000, 0x0000000708e00000| Untracked 
|  56|0x0000000709000000, 0x0000000709000000, 0x0000000709200000|  0%| F|  |TAMS 0x0000000709000000, 0x0000000709000000| Untracked 
|  57|0x0000000709200000, 0x0000000709200000, 0x0000000709400000|  0%| F|  |TAMS 0x0000000709200000, 0x0000000709200000| Untracked 
|  58|0x0000000709400000, 0x0000000709400000, 0x0000000709600000|  0%| F|  |TAMS 0x0000000709400000, 0x0000000709400000| Untracked 
|  59|0x0000000709600000, 0x0000000709600000, 0x0000000709800000|  0%| F|  |TAMS 0x0000000709600000, 0x0000000709600000| Untracked 
|  60|0x0000000709800000, 0x0000000709800000, 0x0000000709a00000|  0%| F|  |TAMS 0x0000000709800000, 0x0000000709800000| Untracked 
|  61|0x0000000709a00000, 0x0000000709a00000, 0x0000000709c00000|  0%| F|  |TAMS 0x0000000709a00000, 0x0000000709a00000| Untracked 
|  62|0x0000000709c00000, 0x0000000709c00000, 0x0000000709e00000|  0%| F|  |TAMS 0x0000000709c00000, 0x0000000709c00000| Untracked 
|  63|0x0000000709e00000, 0x0000000709e00000, 0x000000070a000000|  0%| F|  |TAMS 0x0000000709e00000, 0x0000000709e00000| Untracked 
|  64|0x000000070a000000, 0x000000070a000000, 0x000000070a200000|  0%| F|  |TAMS 0x000000070a000000, 0x000000070a000000| Untracked 
|  65|0x000000070a200000, 0x000000070a200000, 0x000000070a400000|  0%| F|  |TAMS 0x000000070a200000, 0x000000070a200000| Untracked 
|  66|0x000000070a400000, 0x000000070a400000, 0x000000070a600000|  0%| F|  |TAMS 0x000000070a400000, 0x000000070a400000| Untracked 
|  67|0x000000070a600000, 0x000000070a600000, 0x000000070a800000|  0%| F|  |TAMS 0x000000070a600000, 0x000000070a600000| Untracked 
|  68|0x000000070a800000, 0x000000070a800000, 0x000000070aa00000|  0%| F|  |TAMS 0x000000070a800000, 0x000000070a800000| Untracked 
|  69|0x000000070aa00000, 0x000000070aa00000, 0x000000070ac00000|  0%| F|  |TAMS 0x000000070aa00000, 0x000000070aa00000| Untracked 
|  70|0x000000070ac00000, 0x000000070ac00000, 0x000000070ae00000|  0%| F|  |TAMS 0x000000070ac00000, 0x000000070ac00000| Untracked 
|  71|0x000000070ae00000, 0x000000070ae00000, 0x000000070b000000|  0%| F|  |TAMS 0x000000070ae00000, 0x000000070ae00000| Untracked 
|  72|0x000000070b000000, 0x000000070b000000, 0x000000070b200000|  0%| F|  |TAMS 0x000000070b000000, 0x000000070b000000| Untracked 
|  73|0x000000070b200000, 0x000000070b200000, 0x000000070b400000|  0%| F|  |TAMS 0x000000070b200000, 0x000000070b200000| Untracked 
|  74|0x000000070b400000, 0x000000070b400000, 0x000000070b600000|  0%| F|  |TAMS 0x000000070b400000, 0x000000070b400000| Untracked 
|  75|0x000000070b600000, 0x000000070b600000, 0x000000070b800000|  0%| F|  |TAMS 0x000000070b600000, 0x000000070b600000| Untracked 
|  76|0x000000070b800000, 0x000000070b800000, 0x000000070ba00000|  0%| F|  |TAMS 0x000000070b800000, 0x000000070b800000| Untracked 
|  77|0x000000070ba00000, 0x000000070ba00000, 0x000000070bc00000|  0%| F|  |TAMS 0x000000070ba00000, 0x000000070ba00000| Untracked 
|  78|0x000000070bc00000, 0x000000070bc00000, 0x000000070be00000|  0%| F|  |TAMS 0x000000070bc00000, 0x000000070bc00000| Untracked 
|  79|0x000000070be00000, 0x000000070be00000, 0x000000070c000000|  0%| F|  |TAMS 0x000000070be00000, 0x000000070be00000| Untracked 
|  80|0x000000070c000000, 0x000000070c000000, 0x000000070c200000|  0%| F|  |TAMS 0x000000070c000000, 0x000000070c000000| Untracked 
|  81|0x000000070c200000, 0x000000070c200000, 0x000000070c400000|  0%| F|  |TAMS 0x000000070c200000, 0x000000070c200000| Untracked 
|  82|0x000000070c400000, 0x000000070c400000, 0x000000070c600000|  0%| F|  |TAMS 0x000000070c400000, 0x000000070c400000| Untracked 
|  83|0x000000070c600000, 0x000000070c600000, 0x000000070c800000|  0%| F|  |TAMS 0x000000070c600000, 0x000000070c600000| Untracked 
|  84|0x000000070c800000, 0x000000070c800000, 0x000000070ca00000|  0%| F|  |TAMS 0x000000070c800000, 0x000000070c800000| Untracked 
|  85|0x000000070ca00000, 0x000000070ca00000, 0x000000070cc00000|  0%| F|  |TAMS 0x000000070ca00000, 0x000000070ca00000| Untracked 
|  86|0x000000070cc00000, 0x000000070cc00000, 0x000000070ce00000|  0%| F|  |TAMS 0x000000070cc00000, 0x000000070cc00000| Untracked 
|  87|0x000000070ce00000, 0x000000070ce00000, 0x000000070d000000|  0%| F|  |TAMS 0x000000070ce00000, 0x000000070ce00000| Untracked 
|  88|0x000000070d000000, 0x000000070d000000, 0x000000070d200000|  0%| F|  |TAMS 0x000000070d000000, 0x000000070d000000| Untracked 
|  89|0x000000070d200000, 0x000000070d200000, 0x000000070d400000|  0%| F|  |TAMS 0x000000070d200000, 0x000000070d200000| Untracked 
|  90|0x000000070d400000, 0x000000070d400000, 0x000000070d600000|  0%| F|  |TAMS 0x000000070d400000, 0x000000070d400000| Untracked 
|  91|0x000000070d600000, 0x000000070d600000, 0x000000070d800000|  0%| F|  |TAMS 0x000000070d600000, 0x000000070d600000| Untracked 
|  92|0x000000070d800000, 0x000000070d800000, 0x000000070da00000|  0%| F|  |TAMS 0x000000070d800000, 0x000000070d800000| Untracked 
|  93|0x000000070da00000, 0x000000070da00000, 0x000000070dc00000|  0%| F|  |TAMS 0x000000070da00000, 0x000000070da00000| Untracked 
|  94|0x000000070dc00000, 0x000000070dc00000, 0x000000070de00000|  0%| F|  |TAMS 0x000000070dc00000, 0x000000070dc00000| Untracked 
|  95|0x000000070de00000, 0x000000070de00000, 0x000000070e000000|  0%| F|  |TAMS 0x000000070de00000, 0x000000070de00000| Untracked 
|  96|0x000000070e000000, 0x000000070e000000, 0x000000070e200000|  0%| F|  |TAMS 0x000000070e000000, 0x000000070e000000| Untracked 
|  97|0x000000070e200000, 0x000000070e200000, 0x000000070e400000|  0%| F|  |TAMS 0x000000070e200000, 0x000000070e200000| Untracked 
|  98|0x000000070e400000, 0x000000070e400000, 0x000000070e600000|  0%| F|  |TAMS 0x000000070e400000, 0x000000070e400000| Untracked 
|  99|0x000000070e600000, 0x000000070e600000, 0x000000070e800000|  0%| F|  |TAMS 0x000000070e600000, 0x000000070e600000| Untracked 
| 100|0x000000070e800000, 0x000000070e800000, 0x000000070ea00000|  0%| F|  |TAMS 0x000000070e800000, 0x000000070e800000| Untracked 
| 101|0x000000070ea00000, 0x000000070ea00000, 0x000000070ec00000|  0%| F|  |TAMS 0x000000070ea00000, 0x000000070ea00000| Untracked 
| 102|0x000000070ec00000, 0x000000070ec00000, 0x000000070ee00000|  0%| F|  |TAMS 0x000000070ec00000, 0x000000070ec00000| Untracked 
| 103|0x000000070ee00000, 0x000000070ee00000, 0x000000070f000000|  0%| F|  |TAMS 0x000000070ee00000, 0x000000070ee00000| Untracked 
| 104|0x000000070f000000, 0x000000070f000000, 0x000000070f200000|  0%| F|  |TAMS 0x000000070f000000, 0x000000070f000000| Untracked 
| 105|0x000000070f200000, 0x000000070f200000, 0x000000070f400000|  0%| F|  |TAMS 0x000000070f200000, 0x000000070f200000| Untracked 
| 106|0x000000070f400000, 0x000000070f400000, 0x000000070f600000|  0%| F|  |TAMS 0x000000070f400000, 0x000000070f400000| Untracked 
| 107|0x000000070f600000, 0x000000070f600000, 0x000000070f800000|  0%| F|  |TAMS 0x000000070f600000, 0x000000070f600000| Untracked 
| 108|0x000000070f800000, 0x000000070f800000, 0x000000070fa00000|  0%| F|  |TAMS 0x000000070f800000, 0x000000070f800000| Untracked 
| 109|0x000000070fa00000, 0x000000070fa00000, 0x000000070fc00000|  0%| F|  |TAMS 0x000000070fa00000, 0x000000070fa00000| Untracked 
| 110|0x000000070fc00000, 0x000000070fc00000, 0x000000070fe00000|  0%| F|  |TAMS 0x000000070fc00000, 0x000000070fc00000| Untracked 
| 111|0x000000070fe00000, 0x000000070fe00000, 0x0000000710000000|  0%| F|  |TAMS 0x000000070fe00000, 0x000000070fe00000| Untracked 
| 112|0x0000000710000000, 0x0000000710000000, 0x0000000710200000|  0%| F|  |TAMS 0x0000000710000000, 0x0000000710000000| Untracked 
| 113|0x0000000710200000, 0x0000000710200000, 0x0000000710400000|  0%| F|  |TAMS 0x0000000710200000, 0x0000000710200000| Untracked 
| 114|0x0000000710400000, 0x0000000710400000, 0x0000000710600000|  0%| F|  |TAMS 0x0000000710400000, 0x0000000710400000| Untracked 
| 115|0x0000000710600000, 0x0000000710600000, 0x0000000710800000|  0%| F|  |TAMS 0x0000000710600000, 0x0000000710600000| Untracked 
| 116|0x0000000710800000, 0x0000000710800000, 0x0000000710a00000|  0%| F|  |TAMS 0x0000000710800000, 0x0000000710800000| Untracked 
| 117|0x0000000710a00000, 0x0000000710a00000, 0x0000000710c00000|  0%| F|  |TAMS 0x0000000710a00000, 0x0000000710a00000| Untracked 
| 118|0x0000000710c00000, 0x0000000710c00000, 0x0000000710e00000|  0%| F|  |TAMS 0x0000000710c00000, 0x0000000710c00000| Untracked 
| 119|0x0000000710e00000, 0x0000000710e00000, 0x0000000711000000|  0%| F|  |TAMS 0x0000000710e00000, 0x0000000710e00000| Untracked 
| 120|0x0000000711000000, 0x0000000711000000, 0x0000000711200000|  0%| F|  |TAMS 0x0000000711000000, 0x0000000711000000| Untracked 
| 121|0x0000000711200000, 0x0000000711200000, 0x0000000711400000|  0%| F|  |TAMS 0x0000000711200000, 0x0000000711200000| Untracked 
| 122|0x0000000711400000, 0x0000000711400000, 0x0000000711600000|  0%| F|  |TAMS 0x0000000711400000, 0x0000000711400000| Untracked 
| 123|0x0000000711600000, 0x0000000711600000, 0x0000000711800000|  0%| F|  |TAMS 0x0000000711600000, 0x0000000711600000| Untracked 
| 124|0x0000000711800000, 0x0000000711a00000, 0x0000000711a00000|100%| E|  |TAMS 0x0000000711800000, 0x0000000711800000| Complete 
| 125|0x0000000711a00000, 0x0000000711c00000, 0x0000000711c00000|100%| E|CS|TAMS 0x0000000711a00000, 0x0000000711a00000| Complete 
| 126|0x0000000711c00000, 0x0000000711e00000, 0x0000000711e00000|100%| E|CS|TAMS 0x0000000711c00000, 0x0000000711c00000| Complete 

Card table byte_map: [0x0000021ab97b0000,0x0000021ab9fa0000] _byte_map_base: 0x0000021ab5fa0000

Marking Bits (Prev, Next): (CMBitMap*) 0x0000021aa21fc460, (CMBitMap*) 0x0000021aa21fc4a0
 Prev Bits: [0x0000021aba790000, 0x0000021abe710000)
 Next Bits: [0x0000021abe710000, 0x0000021ac2690000)

Polling page: 0x0000021aa0130000

Metaspace:

Usage:
  Non-class:      2.45 MB used.
      Class:    225.20 KB used.
       Both:      2.67 MB used.

Virtual space:
  Non-class space:       64.00 MB reserved,       2.50 MB (  4%) committed,  1 nodes.
      Class space:        1.00 GB reserved,     320.00 KB ( <1%) committed,  1 nodes.
             Both:        1.06 GB reserved,       2.81 MB ( <1%) committed. 

Chunk freelists:
   Non-Class:  11.20 MB
       Class:  15.67 MB
        Both:  26.87 MB

MaxMetaspaceSize: unlimited
CompressedClassSpaceSize: 1.00 GB
Initial GC threshold: 21.00 MB
Current GC threshold: 21.00 MB
CDS: on
MetaspaceReclaimPolicy: balanced
 - commit_granule_bytes: 65536.
 - commit_granule_words: 8192.
 - virtual_space_node_default_size: 8388608.
 - enlarge_chunks_in_place: 1.
 - new_chunks_are_fully_committed: 0.
 - uncommit_free_chunks: 1.
 - use_allocation_guard: 0.
 - handle_deallocations: 1.


Internal statistics:

num_allocs_failed_limit: 0.
num_arena_births: 62.
num_arena_deaths: 0.
num_vsnodes_births: 2.
num_vsnodes_deaths: 0.
num_space_committed: 45.
num_space_uncommitted: 0.
num_chunks_returned_to_freelist: 0.
num_chunks_taken_from_freelist: 114.
num_chunk_merges: 0.
num_chunk_splits: 70.
num_chunks_enlarged: 41.
num_inconsistent_stats: 0.

CodeHeap 'non-profiled nmethods': size=120000Kb used=166Kb max_used=166Kb free=119833Kb
 bounds [0x0000021ab1520000, 0x0000021ab1790000, 0x0000021ab8a50000]
CodeHeap 'profiled nmethods': size=120000Kb used=774Kb max_used=774Kb free=119225Kb
 bounds [0x0000021aa9a50000, 0x0000021aa9cc0000, 0x0000021ab0f80000]
CodeHeap 'non-nmethods': size=5760Kb used=1163Kb max_used=1177Kb free=4596Kb
 bounds [0x0000021ab0f80000, 0x0000021ab11f0000, 0x0000021ab1520000]
 total_blobs=987 nmethods=529 adapters=371
 compilation: enabled
              stopped_count=0, restarted_count=0
 full_count=0

Compilation events (20 events):
Event: 0.432 Thread 0x0000021ac5360160 nmethod 514 0x0000021aa9b0ea10 code [0x0000021aa9b0ebc0, 0x0000021aa9b0ee38]
Event: 0.432 Thread 0x0000021ac5360160  516       3       java.util.regex.Pattern::peek (26 bytes)
Event: 0.432 Thread 0x0000021ac5360160 nmethod 516 0x0000021aa9b0ef10 code [0x0000021aa9b0f0c0, 0x0000021aa9b0f328]
Event: 0.432 Thread 0x0000021ac5360160  518       3       java.lang.invoke.LambdaForm$Name::initIndex (26 bytes)
Event: 0.432 Thread 0x0000021ac5360160 nmethod 518 0x0000021aa9b0f490 code [0x0000021aa9b0f620, 0x0000021aa9b0f7d8]
Event: 0.432 Thread 0x0000021ac5360160  515       3       java.lang.Character::isSurrogate (18 bytes)
Event: 0.432 Thread 0x0000021ac5360160 nmethod 515 0x0000021aa9b0f890 code [0x0000021aa9b0fa20, 0x0000021aa9b0fbb8]
Event: 0.433 Thread 0x0000021ac535faa0 nmethod 511% 0x0000021ab1548b90 code [0x0000021ab1548d20, 0x0000021ab1548ef8]
Event: 0.436 Thread 0x0000021ac5360160  522       3       sun.net.www.ParseUtil::firstEncodeIndex (86 bytes)
Event: 0.437 Thread 0x0000021ac5360160 nmethod 522 0x0000021aa9b0fc90 code [0x0000021aa9b0fee0, 0x0000021aa9b108c8]
Event: 0.437 Thread 0x0000021ac5360160  526       3       org.lwjgl.system.MemoryUtil::memPutAddress (29 bytes)
Event: 0.437 Thread 0x0000021ac5360160 nmethod 526 0x0000021aa9b10c90 code [0x0000021aa9b10e40, 0x0000021aa9b11038]
Event: 0.437 Thread 0x0000021ac5360160  523       3       java.lang.Integer::toUnsignedLong (7 bytes)
Event: 0.437 Thread 0x0000021ac5360160 nmethod 523 0x0000021aa9b11110 code [0x0000021aa9b112a0, 0x0000021aa9b11398]
Event: 0.437 Thread 0x0000021ac5360160  525       3       sun.misc.Unsafe::putLong (11 bytes)
Event: 0.437 Thread 0x0000021ac5360160 nmethod 525 0x0000021aa9b11410 code [0x0000021aa9b115a0, 0x0000021aa9b116b8]
Event: 0.437 Thread 0x0000021ac5360160  527       3       java.io.RandomAccessFile::read (8 bytes)
Event: 0.437 Thread 0x0000021ac5360160 nmethod 527 0x0000021aa9b11790 code [0x0000021aa9b11920, 0x0000021aa9b11a68]
Event: 0.437 Thread 0x0000021ac535faa0  529       4       java.lang.Math::min (11 bytes)
Event: 0.437 Thread 0x0000021ac535faa0 nmethod 529 0x0000021ab1549810 code [0x0000021ab1549980, 0x0000021ab15499d8]

GC Heap History (0 events):
No events

Deoptimization events (20 events):
Event: 0.411 Thread 0x0000021aa218e960 DEOPT PACKING pc=0x0000021aa9aded72 sp=0x000000298abfd670
Event: 0.411 Thread 0x0000021aa218e960 DEOPT UNPACKING pc=0x0000021ab0fd2b43 sp=0x000000298abfcae8 mode 0
Event: 0.411 Thread 0x0000021aa218e960 DEOPT PACKING pc=0x0000021aa9aded72 sp=0x000000298abfd670
Event: 0.411 Thread 0x0000021aa218e960 DEOPT UNPACKING pc=0x0000021ab0fd2b43 sp=0x000000298abfcae8 mode 0
Event: 0.412 Thread 0x0000021aa218e960 DEOPT PACKING pc=0x0000021aa9aded72 sp=0x000000298abfd670
Event: 0.412 Thread 0x0000021aa218e960 DEOPT UNPACKING pc=0x0000021ab0fd2b43 sp=0x000000298abfcae8 mode 0
Event: 0.412 Thread 0x0000021aa218e960 DEOPT PACKING pc=0x0000021aa9aded72 sp=0x000000298abfd670
Event: 0.412 Thread 0x0000021aa218e960 DEOPT UNPACKING pc=0x0000021ab0fd2b43 sp=0x000000298abfcae8 mode 0
Event: 0.412 Thread 0x0000021aa218e960 DEOPT PACKING pc=0x0000021aa9aded72 sp=0x000000298abfd670
Event: 0.412 Thread 0x0000021aa218e960 DEOPT UNPACKING pc=0x0000021ab0fd2b43 sp=0x000000298abfcae8 mode 0
Event: 0.412 Thread 0x0000021aa218e960 DEOPT PACKING pc=0x0000021aa9aded72 sp=0x000000298abfd670
Event: 0.412 Thread 0x0000021aa218e960 DEOPT UNPACKING pc=0x0000021ab0fd2b43 sp=0x000000298abfcae8 mode 0
Event: 0.412 Thread 0x0000021aa218e960 DEOPT PACKING pc=0x0000021aa9aded72 sp=0x000000298abfd670
Event: 0.412 Thread 0x0000021aa218e960 DEOPT UNPACKING pc=0x0000021ab0fd2b43 sp=0x000000298abfcae8 mode 0
Event: 0.412 Thread 0x0000021aa218e960 DEOPT PACKING pc=0x0000021aa9aded72 sp=0x000000298abfd670
Event: 0.412 Thread 0x0000021aa218e960 DEOPT UNPACKING pc=0x0000021ab0fd2b43 sp=0x000000298abfcae8 mode 0
Event: 0.412 Thread 0x0000021aa218e960 DEOPT PACKING pc=0x0000021aa9aded72 sp=0x000000298abfd670
Event: 0.412 Thread 0x0000021aa218e960 DEOPT UNPACKING pc=0x0000021ab0fd2b43 sp=0x000000298abfcae8 mode 0
Event: 0.412 Thread 0x0000021aa218e960 DEOPT PACKING pc=0x0000021aa9aded72 sp=0x000000298abfd670
Event: 0.412 Thread 0x0000021aa218e960 DEOPT UNPACKING pc=0x0000021ab0fd2b43 sp=0x000000298abfcae8 mode 0

Classes unloaded (0 events):
No events

Classes redefined (0 events):
No events

Internal exceptions (18 events):
Event: 0.187 Thread 0x0000021ac54fe310 Exception <a 'java/lang/NoSuchMethodError'{0x0000000711ae6110}: 'java.lang.Object java.lang.invoke.DirectMethodHandle$Holder.invokeStaticInit(java.lang.Object)'> (0x0000000711ae6110) 
thrown [s\open\src\hotspot\share\interpreter\linkResolver.cpp, line 759]
Event: 0.193 Thread 0x0000021ac54fe310 Exception <a 'java/lang/NoSuchMethodError'{0x0000000711af3dd0}: 'void java.lang.invoke.DirectMethodHandle$Holder.invokeStatic(java.lang.Object, java.lang.Object)'> (0x0000000711af3dd0) 
thrown [s\open\src\hotspot\share\interpreter\linkResolver.cpp, line 759]
Event: 0.195 Thread 0x0000021aa218e960 Exception <a 'java/lang/NoSuchMethodError'{0x0000000711b921f8}: 'void java.lang.invoke.DirectMethodHandle$Holder.invokeSpecial(java.lang.Object, java.lang.Object, java.lang.Object)'> (0x0000000711b921f8) 
thrown [s\open\src\hotspot\share\interpreter\linkResolver.cpp, line 759]
Event: 0.196 Thread 0x0000021aa218e960 Exception <a 'java/lang/NoSuchMethodError'{0x0000000711ba5890}: 'java.lang.Object java.lang.invoke.DirectMethodHandle$Holder.invokeStatic(java.lang.Object, java.lang.Object, int)'> (0x0000000711ba5890) 
thrown [s\open\src\hotspot\share\interpreter\linkResolver.cpp, line 759]
Event: 0.197 Thread 0x0000021aa218e960 Exception <a 'java/lang/NoSuchMethodError'{0x0000000711bb16f8}: 'void java.lang.invoke.DelegatingMethodHandle$Holder.delegate(java.lang.Object, java.lang.Object, int, java.lang.Object)'> (0x0000000711bb16f8) 
thrown [s\open\src\hotspot\share\interpreter\linkResolver.cpp, line 759]
Event: 0.197 Thread 0x0000021aa218e960 Exception <a 'java/lang/NoSuchMethodError'{0x0000000711bb5730}: 'int java.lang.invoke.DirectMethodHandle$Holder.invokeSpecial(java.lang.Object, java.lang.Object, java.lang.Object)'> (0x0000000711bb5730) 
thrown [s\open\src\hotspot\share\interpreter\linkResolver.cpp, line 759]
Event: 0.373 Thread 0x0000021aa218e960 Exception <a 'sun/nio/fs/WindowsException'{0x00000007118658f8}> (0x00000007118658f8) 
thrown [s\open\src\hotspot\share\prims\jni.cpp, line 516]
Event: 0.373 Thread 0x0000021aa218e960 Exception <a 'sun/nio/fs/WindowsException'{0x0000000711865e38}> (0x0000000711865e38) 
thrown [s\open\src\hotspot\share\prims\jni.cpp, line 516]
Event: 0.405 Thread 0x0000021aa218e960 Exception <a 'sun/nio/fs/WindowsException'{0x00000007118ecc48}> (0x00000007118ecc48) 
thrown [s\open\src\hotspot\share\prims\jni.cpp, line 516]
Event: 0.405 Thread 0x0000021aa218e960 Exception <a 'sun/nio/fs/WindowsException'{0x00000007118ecfd8}> (0x00000007118ecfd8) 
thrown [s\open\src\hotspot\share\prims\jni.cpp, line 516]
Event: 0.413 Thread 0x0000021aa218e960 Exception <a 'sun/nio/fs/WindowsException'{0x00000007118f6550}> (0x00000007118f6550) 
thrown [s\open\src\hotspot\share\prims\jni.cpp, line 516]
Event: 0.413 Thread 0x0000021aa218e960 Exception <a 'sun/nio/fs/WindowsException'{0x00000007118f6820}> (0x00000007118f6820) 
thrown [s\open\src\hotspot\share\prims\jni.cpp, line 516]
Event: 0.422 Thread 0x0000021aa218e960 Exception <a 'java/lang/NoSuchMethodError'{0x00000007119410b0}: 'int java.lang.invoke.DirectMethodHandle$Holder.invokeStaticInit(java.lang.Object, java.lang.Object, int, long)'> (0x00000007119410b0) 
thrown [s\open\src\hotspot\share\interpreter\linkResolver.cpp, line 759]
Event: 0.423 Thread 0x0000021aa218e960 Exception <a 'java/lang/NoSuchMethodError'{0x0000000711946c20}: 'java.lang.Object java.lang.invoke.DirectMethodHandle$Holder.newInvokeSpecial(java.lang.Object, java.lang.Object, int)'> (0x0000000711946c20) 
thrown [s\open\src\hotspot\share\interpreter\linkResolver.cpp, line 759]
Event: 0.425 Thread 0x0000021aa218e960 Exception <a 'java/lang/NoSuchMethodError'{0x0000000711955b80}: 'int java.lang.invoke.DirectMethodHandle$Holder.invokeStaticInit(java.lang.Object, java.lang.Object, long, long)'> (0x0000000711955b80) 
thrown [s\open\src\hotspot\share\interpreter\linkResolver.cpp, line 759]
Event: 0.425 Thread 0x0000021aa218e960 Exception <a 'java/lang/NoSuchMethodError'{0x000000071195c188}: 'java.lang.Object java.lang.invoke.DirectMethodHandle$Holder.newInvokeSpecial(java.lang.Object, java.lang.Object, long)'> (0x000000071195c188) 
thrown [s\open\src\hotspot\share\interpreter\linkResolver.cpp, line 759]
Event: 0.425 Thread 0x0000021aa218e960 Exception <a 'java/lang/NoSuchMethodError'{0x0000000711960478}: 'java.lang.Object java.lang.invoke.Invokers$Holder.linkToTargetMethod(java.lang.Object, long, java.lang.Object)'> (0x0000000711960478) 
thrown [s\open\src\hotspot\share\interpreter\linkResolver.cpp, line 759]
Event: 0.426 Thread 0x0000021aa218e960 Exception <a 'java/lang/NoSuchMethodError'{0x0000000711967b90}: 'int java.lang.invoke.DirectMethodHandle$Holder.invokeStaticInit(java.lang.Object, java.lang.Object, java.lang.Object, long)'> (0x0000000711967b90) 
thrown [s\open\src\hotspot\share\interpreter\linkResolver.cpp, line 759]

VM Operations (4 events):
Event: 0.128 Executing VM operation: HandshakeAllThreads
Event: 0.128 Executing VM operation: HandshakeAllThreads done
Event: 0.186 Executing VM operation: HandshakeAllThreads
Event: 0.186 Executing VM operation: HandshakeAllThreads done

Events (20 events):
Event: 0.420 loading class java/nio/DirectDoubleBufferU
Event: 0.421 loading class java/nio/DirectDoubleBufferU done
Event: 0.421 loading class sun/misc/Unsafe
Event: 0.421 loading class sun/misc/Unsafe done
Event: 0.421 loading class jdk/internal/reflect/UnsafeFieldAccessorFactory
Event: 0.421 loading class jdk/internal/reflect/UnsafeFieldAccessorFactory done
Event: 0.421 loading class jdk/internal/reflect/UnsafeQualifiedStaticObjectFieldAccessorImpl
Event: 0.421 loading class jdk/internal/reflect/UnsafeQualifiedStaticFieldAccessorImpl
Event: 0.421 loading class jdk/internal/reflect/UnsafeQualifiedStaticFieldAccessorImpl done
Event: 0.421 loading class jdk/internal/reflect/UnsafeQualifiedStaticObjectFieldAccessorImpl done
Event: 0.422 loading class java/util/function/LongPredicate
Event: 0.422 loading class java/util/function/LongPredicate done
Event: 0.423 loading class jdk/internal/access/foreign/MemorySegmentProxy
Event: 0.423 loading class jdk/internal/access/foreign/MemorySegmentProxy done
Event: 0.426 loading class java/nio/InvalidMarkException
Event: 0.426 loading class java/nio/InvalidMarkException done
Event: 0.426 loading class java/nio/BufferUnderflowException
Event: 0.426 loading class java/nio/BufferUnderflowException done
Event: 0.432 loading class java/util/Formatter$FixedString
Event: 0.435 loading class java/util/Formatter$FixedString done


Dynamic libraries:
0x00007ff74a0d0000 - 0x00007ff74a0e0000 	C:\Program Files\Java\jdk-17\bin\java.exe
0x00007ffdc0f40000 - 0x00007ffdc11a9000 	C:\WINDOWS\SYSTEM32\ntdll.dll
0x00007ffdc01e0000 - 0x00007ffdc02a9000 	C:\WINDOWS\System32\KERNEL32.DLL
0x00007ffdbe170000 - 0x00007ffdbe563000 	C:\WINDOWS\System32\KERNELBASE.dll
0x00007ffdbea40000 - 0x00007ffdbeb8b000 	C:\WINDOWS\System32\ucrtbase.dll
0x00007ffdb95d0000 - 0x00007ffdb95eb000 	C:\Program Files\Java\jdk-17\bin\VCRUNTIME140.dll
0x00007ffdb9620000 - 0x00007ffdb9639000 	C:\Program Files\Java\jdk-17\bin\jli.dll
0x00007ffdbf540000 - 0x00007ffdbf5f4000 	C:\WINDOWS\System32\ADVAPI32.dll
0x00007ffdc0810000 - 0x00007ffdc08b9000 	C:\WINDOWS\System32\msvcrt.dll
0x00007ffdc0cb0000 - 0x00007ffdc0d56000 	C:\WINDOWS\System32\sechost.dll
0x00007ffdc02b0000 - 0x00007ffdc03c8000 	C:\WINDOWS\System32\RPCRT4.dll
0x00007ffdbfe60000 - 0x00007ffdc0024000 	C:\WINDOWS\System32\USER32.dll
0x00007ffdaea20000 - 0x00007ffdaecb3000 	C:\WINDOWS\WinSxS\amd64_microsoft.windows.common-controls_6595b64144ccf1df_6.0.26100.5074_none_3e0d6f78e32fd63f\COMCTL32.dll
0x00007ffdbec20000 - 0x00007ffdbec47000 	C:\WINDOWS\System32\win32u.dll
0x00007ffdc0bc0000 - 0x00007ffdc0beb000 	C:\WINDOWS\System32\GDI32.dll
0x00007ffdbe570000 - 0x00007ffdbe69d000 	C:\WINDOWS\System32\gdi32full.dll
0x00007ffdbe810000 - 0x00007ffdbe8b3000 	C:\WINDOWS\System32\msvcp_win.dll
0x00007ffdb6c40000 - 0x00007ffdb6c4b000 	C:\WINDOWS\SYSTEM32\VERSION.dll
0x00007ffdbfc40000 - 0x00007ffdbfc6f000 	C:\WINDOWS\System32\IMM32.DLL
0x00007ffdb95c0000 - 0x00007ffdb95cc000 	C:\Program Files\Java\jdk-17\bin\vcruntime140_1.dll
0x00007ffdb9530000 - 0x00007ffdb95be000 	C:\Program Files\Java\jdk-17\bin\msvcp140.dll
0x00007ffd73c50000 - 0x00007ffd74830000 	C:\Program Files\Java\jdk-17\bin\server\jvm.dll
0x00007ffdc00f0000 - 0x00007ffdc00f8000 	C:\WINDOWS\System32\PSAPI.DLL
0x00007ffdaab00000 - 0x00007ffdaab0a000 	C:\WINDOWS\SYSTEM32\WSOCK32.dll
0x00007ffdb0c70000 - 0x00007ffdb0ca5000 	C:\WINDOWS\SYSTEM32\WINMM.dll
0x00007ffdc0100000 - 0x00007ffdc0174000 	C:\WINDOWS\System32\WS2_32.dll
0x00007ffdbceb0000 - 0x00007ffdbcecb000 	C:\WINDOWS\SYSTEM32\kernel.appcore.dll
0x00007ffdb94f0000 - 0x00007ffdb94fa000 	C:\Program Files\Java\jdk-17\bin\jimage.dll
0x00007ffdbc350000 - 0x00007ffdbc592000 	C:\WINDOWS\SYSTEM32\DBGHELP.DLL
0x00007ffdc0490000 - 0x00007ffdc080b000 	C:\WINDOWS\System32\combase.dll
0x00007ffdbed10000 - 0x00007ffdbede7000 	C:\WINDOWS\System32\OLEAUT32.dll
0x00007ffdac110000 - 0x00007ffdac14d000 	C:\WINDOWS\SYSTEM32\dbgcore.DLL
0x00007ffdbe0d0000 - 0x00007ffdbe169000 	C:\WINDOWS\System32\bcryptPrimitives.dll
0x00007ffdb0b80000 - 0x00007ffdb0b8e000 	C:\Program Files\Java\jdk-17\bin\instrument.dll
0x00007ffda1870000 - 0x00007ffda1895000 	C:\Program Files\Java\jdk-17\bin\java.dll
0x00007ffd9cf20000 - 0x00007ffd9cff7000 	C:\Program Files\Java\jdk-17\bin\jsvml.dll
0x00007ffdbedf0000 - 0x00007ffdbf53d000 	C:\WINDOWS\System32\SHELL32.dll
0x00007ffdbe6a0000 - 0x00007ffdbe80c000 	C:\WINDOWS\System32\wintypes.dll
0x00007ffdbbaf0000 - 0x00007ffdbc349000 	C:\WINDOWS\SYSTEM32\windows.storage.dll
0x00007ffdc0d60000 - 0x00007ffdc0e50000 	C:\WINDOWS\System32\SHCORE.dll
0x00007ffdc0030000 - 0x00007ffdc0092000 	C:\WINDOWS\System32\shlwapi.dll
0x00007ffdbdfc0000 - 0x00007ffdbdfe9000 	C:\WINDOWS\SYSTEM32\profapi.dll
0x00007ffda5ae0000 - 0x00007ffda5af8000 	C:\Program Files\Java\jdk-17\bin\zip.dll
0x00007ffdb08c0000 - 0x00007ffdb08d9000 	C:\Program Files\Java\jdk-17\bin\net.dll
0x00007ffdb6a30000 - 0x00007ffdb6b4f000 	C:\WINDOWS\SYSTEM32\WINHTTP.dll
0x00007ffdbd430000 - 0x00007ffdbd49b000 	C:\WINDOWS\system32\mswsock.dll
0x00007ffda6660000 - 0x00007ffda6676000 	C:\Program Files\Java\jdk-17\bin\nio.dll
0x00007ffd9cc20000 - 0x00007ffd9cc9b000 	C:\Users\User\AppData\Local\Temp\lwjgl_User\3.3.4+7\x64\lwjgl.dll
0x00007ffda1150000 - 0x00007ffda11b1000 	C:\Users\User\AppData\Local\Temp\lwjgl_User\3.3.4+7\x64\lwjgl_opengl.dll
0x00007ffd4f830000 - 0x00007ffd4f93c000 	C:\WINDOWS\SYSTEM32\opengl32.dll
0x00007ffd9cb90000 - 0x00007ffd9cbbd000 	C:\WINDOWS\SYSTEM32\GLU32.dll
0x00007ffdbb1f0000 - 0x00007ffdbb234000 	C:\WINDOWS\SYSTEM32\dxcore.dll

dbghelp: loaded successfully - version: 4.0.5 - missing functions: none
symbol engine: initialized successfully - sym options: 0x614 - pdb path: .;C:\Program Files\Java\jdk-17\bin;C:\WINDOWS\SYSTEM32;C:\WINDOWS\WinSxS\amd64_microsoft.windows.common-controls_6595b64144ccf1df_6.0.26100.5074_none_3e0d6f78e32fd63f;C:\Program Files\Java\jdk-17\bin\server;C:\Users\User\AppData\Local\Temp\lwjgl_User\3.3.4+7\x64

VM Arguments:
jvm_args: -javaagent:C:\Program Files\JetBrains\IntelliJ IDEA Community Edition 2025.2.2\lib\idea_rt.jar=55241 -Dfile.encoding=UTF-8 
java_command: com.thumbling.main.Main
java_class_path (initial): C:\repositories\github\thumbling\target\classes;C:\Users\User\.m2\repository\org\lwjgl\lwjgl\3.3.4\lwjgl-3.3.4.jar;C:\Users\User\.m2\repository\org\lwjgl\lwjgl-glfw\3.3.4\lwjgl-glfw-3.3.4.jar;C:\Users\User\.m2\repository\org\lwjgl\lwjgl-opengl\3.3.4\lwjgl-opengl-3.3.4.jar;C:\Users\User\.m2\repository\org\lwjgl\lwjgl-stb\3.3.4\lwjgl-stb-3.3.4.jar;C:\Users\User\.m2\repository\org\lwjgl\lwjgl\3.3.4\lwjgl-3.3.4-natives-windows.jar;C:\Users\User\.m2\repository\org\lwjgl\lwjgl-glfw\3.3.4\lwjgl-glfw-3.3.4-natives-windows.jar;C:\Users\User\.m2\repository\org\lwjgl\lwjgl-opengl\3.3.4\lwjgl-opengl-3.3.4-natives-windows.jar;C:\Users\User\.m2\repository\org\lwjgl\lwjgl-stb\3.3.4\lwjgl-stb-3.3.4-natives-windows.jar
Launcher Type: SUN_STANDARD

[Global flags]
     intx CICompilerCount                          = 4                                         {product} {ergonomic}
     uint ConcGCThreads                            = 3                                         {product} {ergonomic}
     uint G1ConcRefinementThreads                  = 10                                        {product} {ergonomic}
   size_t G1HeapRegionSize                         = 2097152                                   {product} {ergonomic}
    uintx GCDrainStackTargetSize                   = 64                                        {product} {ergonomic}
   size_t InitialHeapSize                          = 266338304                                 {product} {ergonomic}
   size_t MarkStackSize                            = 4194304                                   {product} {ergonomic}
   size_t MaxHeapSize                              = 4261412864                                {product} {ergonomic}
   size_t MaxNewSize                               = 2556428288                                {product} {ergonomic}
   size_t MinHeapDeltaBytes                        = 2097152                                   {product} {ergonomic}
   size_t MinHeapSize                              = 8388608                                   {product} {ergonomic}
    uintx NonNMethodCodeHeapSize                   = 5839372                                {pd product} {ergonomic}
    uintx NonProfiledCodeHeapSize                  = 122909434                              {pd product} {ergonomic}
    uintx ProfiledCodeHeapSize                     = 122909434                              {pd product} {ergonomic}
    uintx ReservedCodeCacheSize                    = 251658240                              {pd product} {ergonomic}
     bool SegmentedCodeCache                       = true                                      {product} {ergonomic}
   size_t SoftMaxHeapSize                          = 4261412864                             {manageable} {ergonomic}
     bool UseCompressedClassPointers               = true                           {product lp64_product} {ergonomic}
     bool UseCompressedOops                        = true                           {product lp64_product} {ergonomic}
     bool UseG1GC                                  = true                                      {product} {ergonomic}
     bool UseLargePagesIndividualAllocation        = false                                  {pd product} {ergonomic}

Logging:
Log output configuration:
 #0: stdout all=warning uptime,level,tags
 #1: stderr all=off uptime,level,tags

Environment Variables:
PATH=C:\Program Files\Common Files\Oracle\Java\javapath;C:\WINDOWS\system32;C:\WINDOWS;C:\WINDOWS\System32\Wbem;C:\WINDOWS\System32\WindowsPowerShell\v1.0\;C:\WINDOWS\System32\OpenSSH\;C:\Program Files\Git\cmd;C:\Users\User\AppData\Local\nvm;C:\nvm4w\nodejs;C:\Program Files\MySQL\MySQL Server 8.0\bin;C:\ProgramData\ComposerSetup\bin;C:\Program Files (x86)\Windows Kits\10\Windows Performance Toolkit\;C:\ProgramData\chocolatey\bin;C:\Users\User\AppData\Local\Programs\Python\Python313\Scripts\;C:\Users\User\AppData\Local\Programs\Python\Python313\;C:\Users\User\AppData\Local\Programs\Python\Launcher\;C:\Program Files\MySQL\MySQL Shell 8.0\bin\;C:\Users\User\AppData\Local\Microsoft\WindowsApps;C:\Users\User\AppData\Local\GitHubDesktop\bin;C:\Users\User\AppData\Local\nvm;C:\nvm4w\nodejs;C:\Users\User\AppData\Local\Programs\Microsoft VS Code\bin;C:\php-8.4.3;C:\Users\User\AppData\Roaming\Composer\vendor\bin;C:\flutter\bin;C:\Program Files\JetBrains\IntelliJ IDEA Community Edition 2025.2.2\bin
USERNAME=User
OS=Windows_NT
PROCESSOR_IDENTIFIER=AMD64 Family 25 Model 80 Stepping 0, AuthenticAMD



---------------  S Y S T E M  ---------------

OS:
 Windows 11 , 64 bit Build 26100 (10.0.26100.5074)
OS uptime: 0 days 0:12 hours

CPU: total 12 (initial active 12) (12 cores per cpu, 2 threads per core) family 25 model 80 stepping 0 microcode 0xa50000f, cx8, cmov, fxsr, ht, mmx, 3dnowpref, sse, sse2, sse3, ssse3, sse4a, sse4.1, sse4.2, popcnt, lzcnt, tsc, tscinvbit, avx, avx2, aes, erms, clmul, bmi1, bmi2, adx, sha, fma, vzeroupper, clflush, clflushopt

Memory: 4k page, system-wide physical 16251M (7023M free)
TotalPageFile size 27003M (AvailPageFile size 12964M)
current process WorkingSet (physical memory assigned to process): 52M, peak: 52M
current process commit charge ("private bytes"): 353M, peak: 353M

vm_info: Java HotSpot(TM) 64-Bit Server VM (17.0.12+8-LTS-286) for windows-amd64 JRE (17.0.12+8-LTS-286), built on Jun  5 2024 06:46:59 by "mach5one" with MS VC++ 17.6 (VS2022)

END.
