#
# A fatal error has been detected by the Java Runtime Environment:
#
#  EXCEPTION_ACCESS_VIOLATION (0xc0000005) at pc=0x00007ff9fa6c161e, pid=13624, tid=10684
#
# JRE version: Java(TM) SE Runtime Environment (17.0.12+8) (build 17.0.12+8-LTS-286)
# Java VM: Java HotSpot(TM) 64-Bit Server VM (17.0.12+8-LTS-286, mixed mode, sharing, tiered, compressed oops, compressed class ptrs, g1 gc, windows-amd64)
# Problematic frame:
# C  [lwjgl_stb.dll+0x4161e]
#
# No core dump will be written. Minidumps are not enabled by default on client versions of Windows
#
# If you would like to submit a bug report, please visit:
#   https://bugreport.java.com/bugreport/crash.jsp
# The crash happened outside the Java Virtual Machine in native code.
# See problematic frame for where to report the bug.
#

---------------  S U M M A R Y ------------

Command Line: -javaagent:C:\Program Files\JetBrains\IntelliJ IDEA Community Edition 2025.2.2\lib\idea_rt.jar=58640 -Dfile.encoding=UTF-8 com.thumbling.main.Main

Host: AMD Ryzen 5 5600G with Radeon Graphics         , 12 cores, 15G,  Windows 11 , 64 bit Build 26100 (10.0.26100.5074)
Time: Fri Sep 26 13:01:39 2025 Malay Peninsula Standard Time elapsed time: 0.389605 seconds (0d 0h 0m 0s)

---------------  T H R E A D  ---------------

Current thread (0x000001890d9a2050):  JavaThread "main" [_thread_in_native, id=10684, stack(0x0000004e53000000,0x0000004e53100000)]

Stack: [0x0000004e53000000,0x0000004e53100000],  sp=0x0000004e530ff0b0,  free space=1020k
Native frames: (J=compiled Java code, j=interpreted, Vv=VM code, C=native code)
C  [lwjgl_stb.dll+0x4161e]

Java frames: (J=compiled Java code, j=interpreted, Vv=VM code)
j  org.lwjgl.stb.STBTruetype.nstbtt_BakeFontBitmap(JIFJIIIIJ)I+0
j  org.lwjgl.stb.STBTruetype.stbtt_BakeFontBitmap(Ljava/nio/ByteBuffer;FLjava/nio/ByteBuffer;IIILorg/lwjgl/stb/STBTTBakedChar$Buffer;)I+39
j  com.thumbling.helpers.FontRenderer.drawText(Ljava/lang/String;FFI)V+33
j  com.thumbling.screen.MenuScreen.render()V+66
j  com.thumbling.main.Main.render()V+54
j  com.thumbling.main.Main.run()V+135
j  com.thumbling.main.Main.main([Ljava/lang/String;)V+7
v  ~StubRoutines::call_stub

siginfo: EXCEPTION_ACCESS_VIOLATION (0xc0000005), reading address 0x0000000000000014


Registers:
RAX=0x00007ff9fa6c10c0, RBX=0x0000000000000000, RCX=0x0000004e530ff250, RDX=0x0000000000000010
RSP=0x0000004e530ff0b0, RBP=0x0000004e530ff480, RSI=0x0000004e530ff250, RDI=0x0000000000000010
R8 =0x0000000000000000, R9 =0x0000000000000000, R10=0x000001891dd6d5a7, R11=0x0000000711421cd0
R12=0x0000000000000000, R13=0x0000000000000000, R14=0x0000004e530ff4f8, R15=0x000001890d9a2050
RIP=0x00007ff9fa6c161e, EFLAGS=0x0000000000010202


Register to memory mapping:

RIP=0x00007ff9fa6c161e lwjgl_stb.dll
RAX=0x00007ff9fa6c10c0 lwjgl_stb.dll
RBX=0x0 is NULL
RCX=0x0000004e530ff250 is pointing into the stack for thread: 0x000001890d9a2050
RDX=0x0000000000000010 is an unknown value
RSP=0x0000004e530ff0b0 is pointing into the stack for thread: 0x000001890d9a2050
RBP=0x0000004e530ff480 is pointing into the stack for thread: 0x000001890d9a2050
RSI=0x0000004e530ff250 is pointing into the stack for thread: 0x000001890d9a2050
RDI=0x0000000000000010 is an unknown value
R8 =0x0 is NULL
R9 =0x0 is NULL
R10=0x000001891dd6d5a7 is at code_begin+935 in an Interpreter codelet
method entry point (kind = native)  [0x000001891dd6d200, 0x000001891dd6db60]  2400 bytes
R11=0x0000000711421cd0 is an oop: java.lang.Class 
{0x0000000711421cd0} - klass: 'java/lang/Class'
 - ---- fields (total size 41 words):
 - private volatile transient 'classRedefinedCount' 'I' @12  0
 - private volatile transient 'cachedConstructor' 'Ljava/lang/reflect/Constructor;' @40  NULL (0)
 - private transient 'name' 'Ljava/lang/String;' @44  "org.lwjgl.stb.STBTruetype"{0x0000000711421e28} (e22843c5)
 - private transient 'module' 'Ljava/lang/Module;' @48  a 'java/lang/Module'{0x0000000711c5b5d0} (e238b6ba)
 - private final 'classLoader' 'Ljava/lang/ClassLoader;' @52  a 'jdk/internal/loader/ClassLoaders$AppClassLoader'{0x0000000711c5b410} (e238b682)
 - private transient 'classData' 'Ljava/lang/Object;' @56  NULL (0)
 - private transient 'packageName' 'Ljava/lang/String;' @60  "org.lwjgl.stb"{0x00000007117f3468} (e22fe68d)
 - private final 'componentType' 'Ljava/lang/Class;' @64  NULL (0)
 - private volatile transient 'reflectionData' 'Ljava/lang/ref/SoftReference;' @68  NULL (0)
 - private volatile transient 'genericInfo' 'Lsun/reflect/generics/repository/ClassRepository;' @72  NULL (0)
 - private volatile transient 'enumConstants' '[Ljava/lang/Object;' @76  NULL (0)
 - private volatile transient 'enumConstantDirectory' 'Ljava/util/Map;' @80  NULL (0)
 - private volatile transient 'annotationData' 'Ljava/lang/Class$AnnotationData;' @84  NULL (0)
 - private volatile transient 'annotationType' 'Lsun/reflect/annotation/AnnotationType;' @88  NULL (0)
 - transient 'classValueMap' 'Ljava/lang/ClassValue$ClassValueMap;' @92  NULL (0)
 - signature: Lorg/lwjgl/stb/STBTruetype;
 - fake entry for mirror: 'org/lwjgl/stb/STBTruetype'
 - fake entry for array: NULL
 - fake entry for oop_size: 41
 - fake entry for static_oop_field_count: 0
 - public static final 'STBTT_vmove' 'B' @320  1
 - public static final 'STBTT_vline' 'B' @321  2
 - public static final 'STBTT_vcurve' 'B' @322  3
 - public static final 'STBTT_vcubic' 'B' @323  4
 - public static final 'STBTT_MACSTYLE_DONTCARE' 'I' @112  0
 - public static final 'STBTT_MACSTYLE_BOLD' 'I' @116  1
 - public static final 'STBTT_MACSTYLE_ITALIC' 'I' @120  2
 - public static final 'STBTT_MACSTYLE_UNDERSCORE' 'I' @124  4
 - public static final 'STBTT_MACSTYLE_NONE' 'I' @128  8
 - public static final 'STBTT_PLATFORM_ID_UNICODE' 'I' @132  0
 - public static final 'STBTT_PLATFORM_ID_MAC' 'I' @136  1
 - public static final 'STBTT_PLATFORM_ID_ISO' 'I' @140  2
 - public static final 'STBTT_PLATFORM_ID_MICROSOFT' 'I' @144  3
 - public static final 'STBTT_UNICODE_EID_UNICODE_1_0' 'I' @148  0
 - public static final 'STBTT_UNICODE_EID_UNICODE_1_1' 'I' @152  1
 - public static final 'STBTT_UNICODE_EID_ISO_10646' 'I' @156  2
 - public static final 'STBTT_UNICODE_EID_UNICODE_2_0_BMP' 'I' @160  3
 - public static final 'STBTT_UNICODE_EID_UNICODE_2_0_FULL' 'I' @164  4
 - public static final 'STBTT_MS_EID_SYMBOL' 'I' @168  0
 - public static final 'STBTT_MS_EID_UNICODE_BMP' 'I' @172  1
 - public static final 'STBTT_MS_EID_SHIFTJIS' 'I' @176  2
 - public static final 'STBTT_MS_EID_UNICODE_FULL' 'I' @180  10 (a)
 - public static final 'STBTT_MAC_EID_ROMAN' 'I' @184  0
 - public static final 'STBTT_MAC_EID_JAPANESE' 'I' @188  1
 - public static final 'STBTT_MAC_EID_CHINESE_TRAD' 'I' @192  2
 - public static final 'STBTT_MAC_EID_KOREAN' 'I' @196  3
 - public static final 'STBTT_MAC_EID_ARABIC' 'I' @200  4
 - public static final 'STBTT_MAC_EID_HEBREW' 'I' @204  5
 - public static final 'STBTT_MAC_EID_GREEK' 'I' @208  6
 - public static final 'STBTT_MAC_EID_RUSSIAN' 'I' @212  7
 - public static final 'STBTT_MS_LANG_ENGLISH' 'I' @216  1033 (409)
 - public static final 'STBTT_MS_LANG_CHINESE' 'I' @220  2052 (804)
 - public static final 'STBTT_MS_LANG_DUTCH' 'I' @224  1043 (413)
 - public static final 'STBTT_MS_LANG_FRENCH' 'I' @228  1036 (40c)
 - public static final 'STBTT_MS_LANG_GERMAN' 'I' @232  1031 (407)
 - public static final 'STBTT_MS_LANG_HEBREW' 'I' @236  1037 (40d)
 - public static final 'STBTT_MS_LANG_ITALIAN' 'I' @240  1040 (410)
 - public static final 'STBTT_MS_LANG_JAPANESE' 'I' @244  1041 (411)
 - public static final 'STBTT_MS_LANG_KOREAN' 'I' @248  1042 (412)
 - public static final 'STBTT_MS_LANG_RUSSIAN' 'I' @252  1049 (419)
 - public static final 'STBTT_MS_LANG_SPANISH' 'I' @256  1033 (409)
 - public static final 'STBTT_MS_LANG_SWEDISH' 'I' @260  1053 (41d)
 - public static final 'STBTT_MAC_LANG_ENGLISH' 'I' @264  0
 - public static final 'STBTT_MAC_LANG_ARABIC' 'I' @268  12 (c)
 - public static final 'STBTT_MAC_LANG_DUTCH' 'I' @272  4
 - public static final 'STBTT_MAC_LANG_FRENCH' 'I' @276  1
 - public static final 'STBTT_MAC_LANG_GERMAN' 'I' @280  2
 - public static final 'STBTT_MAC_LANG_HEBREW' 'I' @284  10 (a)
 - public static final 'STBTT_MAC_LANG_ITALIAN' 'I' @288  3
 - public static final 'STBTT_MAC_LANG_JAPANESE' 'I' @292  11 (b)
 - public static final 'STBTT_MAC_LANG_KOREAN' 'I' @296  23 (17)
 - public static final 'STBTT_MAC_LANG_RUSSIAN' 'I' @300  32 (20)
 - public static final 'STBTT_MAC_LANG_SPANISH' 'I' @304  6
 - public static final 'STBTT_MAC_LANG_SWEDISH' 'I' @308  5
 - public static final 'STBTT_MAC_LANG_CHINESE_SIMPLIFIED' 'I' @312  33 (21)
 - public static final 'STBTT_MAC_LANG_CHINESE_TRAD' 'I' @316  19 (13)
R12=0x0 is NULL
R13=0x0 is NULL
R14=0x0000004e530ff4f8 is pointing into the stack for thread: 0x000001890d9a2050
R15=0x000001890d9a2050 is a thread


Top of Stack: (sp=0x0000004e530ff0b0)
0x0000004e530ff0b0:   000000000000004d 000000000000006b
0x0000004e530ff0c0:   0000000000000400 000001890d99dab0
0x0000004e530ff0d0:   0000004e530ff170 00007ffa5661e000
0x0000004e530ff0e0:   000001890d435030 000001890d435038
0x0000004e530ff0f0:   000001890d46ab20 000001890d9a2530
0x0000004e530ff100:   000001890d9a2540 000001890d9a2918
0x0000004e530ff110:   00000000000003d8 00000189745b3e00
0x0000004e530ff120:   00007ff97121dbf0 0000000000000000
0x0000004e530ff130:   0000000000000000 0000000000000000
0x0000004e530ff140:   0000000000000000 00000189745b3e00
0x0000004e530ff150:   0000004e530ff480 00000189029c99d0
0x0000004e530ff160:   0000000000000010 0000000000000000
0x0000004e530ff170:   0000018974547ff0 0000004e530ff4f8
0x0000004e530ff180:   000001890d9a2050 00007ff9fa6c1130
0x0000004e530ff190:   000001891dd86400 0000000000000000
0x0000004e530ff1a0:   0000000000000000 0000000000000000 

Instructions: (pc=0x00007ff9fa6c161e)
0x00007ff9fa6c151e:   fe fc ff ff 85 ff 0f 84 f6 fc ff ff 66 0f 70 c8
0x00007ff9fa6c152e:   55 66 0f 7e 4c 24 48 66 0f 7e 44 24 40 f3 44 0f
0x00007ff9fa6c153e:   11 4c 24 28 f3 44 0f 11 4c 24 20 c7 44 24 50 01
0x00007ff9fa6c154e:   00 00 00 c7 44 24 38 00 00 00 00 c7 44 24 30 00
0x00007ff9fa6c155e:   00 00 00 48 8d 8c 24 80 00 00 00 0f 28 ce 49 89
0x00007ff9fa6c156e:   f0 44 8b 4c 24 74 e8 57 24 00 00 e9 a2 fc ff ff
0x00007ff9fa6c157e:   bd ff ff ff ff eb 13 bd 01 00 00 00 eb 0c 48 8b
0x00007ff9fa6c158e:   84 24 98 00 00 00 f7 d8 89 c5 89 e8 0f 28 b4 24
0x00007ff9fa6c159e:   60 01 00 00 0f 28 bc 24 70 01 00 00 44 0f 28 84
0x00007ff9fa6c15ae:   24 80 01 00 00 44 0f 28 8c 24 90 01 00 00 44 0f
0x00007ff9fa6c15be:   28 94 24 a0 01 00 00 44 0f 28 9c 24 b0 01 00 00
0x00007ff9fa6c15ce:   44 0f 28 a4 24 c0 01 00 00 48 81 c4 d8 01 00 00
0x00007ff9fa6c15de:   5b 5d 5f 5e 41 5c 41 5d 41 5e 41 5f c3 cc cc cc
0x00007ff9fa6c15ee:   cc cc 41 57 41 56 41 55 41 54 56 57 55 53 48 81
0x00007ff9fa6c15fe:   ec 98 00 00 00 44 89 c3 48 89 d7 48 89 ce 48 89
0x00007ff9fa6c160e:   51 08 44 89 41 10 45 89 c5 0f 57 c0 0f 11 41 40
0x00007ff9fa6c161e:   42 0f b7 4c 2a 04 66 c1 c1 08 83 c3 0c 45 31 ff
0x00007ff9fa6c162e:   41 bc 00 00 00 00 b8 00 00 00 00 66 85 c9 0f 84
0x00007ff9fa6c163e:   7d 00 00 00 0f b7 c1 89 d9 48 89 c2 eb 0c 0f 1f
0x00007ff9fa6c164e:   40 00 83 c1 10 48 ff ca 74 27 89 c9 80 3c 0f 63
0x00007ff9fa6c165e:   75 f0 80 7c 0f 01 6d 75 e9 80 7c 0f 02 61 75 e2
0x00007ff9fa6c166e:   80 7c 0f 03 70 75 db 44 8b 64 0f 08 41 0f cc eb
0x00007ff9fa6c167e:   03 45 31 e4 89 d9 eb 12 66 2e 0f 1f 84 00 00 00
0x00007ff9fa6c168e:   00 00 83 c1 10 48 ff c8 74 25 89 c9 80 3c 0f 6c
0x00007ff9fa6c169e:   75 f0 80 7c 0f 01 6f 75 e9 80 7c 0f 02 63 75 e2
0x00007ff9fa6c16ae:   80 7c 0f 03 61 75 db 8b 44 0f 08 0f c8 eb 02 31
0x00007ff9fa6c16be:   c0 89 46 18 42 0f b7 4c 2f 04 66 c1 c1 08 66 85
0x00007ff9fa6c16ce:   c9 74 3c 0f b7 c9 89 da eb 10 0f 1f 84 00 00 00
0x00007ff9fa6c16de:   00 00 83 c2 10 48 ff c9 74 25 89 d2 80 3c 17 68
0x00007ff9fa6c16ee:   75 f0 80 7c 17 01 65 75 e9 80 7c 17 02 61 75 e2
0x00007ff9fa6c16fe:   80 7c 17 03 64 75 db 44 8b 7c 17 08 41 0f cf 44
0x00007ff9fa6c170e:   89 7e 1c 46 0f b7 44 2f 04 66 41 c1 c0 08 31 c9 


Stack slot to memory mapping:
stack at sp + 0 slots: 0x000000000000004d is an unknown value
stack at sp + 1 slots: 0x000000000000006b is an unknown value
stack at sp + 2 slots: 0x0000000000000400 is an unknown value
stack at sp + 3 slots: 0x000001890d99dab0 points into unknown readable memory: 0x0000000000000000 | 00 00 00 00 00 00 00 00
stack at sp + 4 slots: 0x0000004e530ff170 is pointing into the stack for thread: 0x000001890d9a2050
stack at sp + 5 slots: 0x00007ffa5661e000 ucrtbase.dll
stack at sp + 6 slots: 0x000001890d435030 points into unknown readable memory: 0x0000000711c5b410 | 10 b4 c5 11 07 00 00 00
stack at sp + 7 slots: 0x000001890d435038 points into unknown readable memory: 0x0000000711444d20 | 20 4d 44 11 07 00 00 00


---------------  P R O C E S S  ---------------

Threads class SMR info:
_java_thread_list=0x0000018932bdc0f0, length=13, elements={
0x000001890d9a2050, 0x00000189328a9e10, 0x00000189328ac8f0, 0x00000189328bd7e0,
0x00000189328be4b0, 0x00000189329d50b0, 0x00000189329d5980, 0x00000189329d6580,
0x00000189329f2bc0, 0x00000189329f34d0, 0x0000018932af3d50, 0x0000018932b879a0,
0x0000018932b88490
}

Java Threads: ( => current thread )
=>0x000001890d9a2050 JavaThread "main" [_thread_in_native, id=10684, stack(0x0000004e53000000,0x0000004e53100000)]
  0x00000189328a9e10 JavaThread "Reference Handler" daemon [_thread_blocked, id=10236, stack(0x0000004e53700000,0x0000004e53800000)]
  0x00000189328ac8f0 JavaThread "Finalizer" daemon [_thread_blocked, id=5536, stack(0x0000004e53800000,0x0000004e53900000)]
  0x00000189328bd7e0 JavaThread "Signal Dispatcher" daemon [_thread_blocked, id=18656, stack(0x0000004e53900000,0x0000004e53a00000)]
  0x00000189328be4b0 JavaThread "Attach Listener" daemon [_thread_blocked, id=348, stack(0x0000004e53a00000,0x0000004e53b00000)]
  0x00000189329d50b0 JavaThread "Service Thread" daemon [_thread_blocked, id=15152, stack(0x0000004e53b00000,0x0000004e53c00000)]
  0x00000189329d5980 JavaThread "Monitor Deflation Thread" daemon [_thread_blocked, id=18220, stack(0x0000004e53c00000,0x0000004e53d00000)]
  0x00000189329d6580 JavaThread "C2 CompilerThread0" daemon [_thread_blocked, id=8048, stack(0x0000004e53d00000,0x0000004e53e00000)]
  0x00000189329f2bc0 JavaThread "C1 CompilerThread0" daemon [_thread_blocked, id=21624, stack(0x0000004e53e00000,0x0000004e53f00000)]
  0x00000189329f34d0 JavaThread "Sweeper thread" daemon [_thread_blocked, id=14948, stack(0x0000004e53f00000,0x0000004e54000000)]
  0x0000018932af3d50 JavaThread "Common-Cleaner" daemon [_thread_blocked, id=22016, stack(0x0000004e54000000,0x0000004e54100000)]
  0x0000018932b879a0 JavaThread "Monitor Ctrl-Break" daemon [_thread_in_native, id=15100, stack(0x0000004e54100000,0x0000004e54200000)]
  0x0000018932b88490 JavaThread "Notification Thread" daemon [_thread_blocked, id=3704, stack(0x0000004e54200000,0x0000004e54300000)]

Other Threads:
  0x00000189328a3440 VMThread "VM Thread" [stack: 0x0000004e53600000,0x0000004e53700000] [id=6760]
  0x0000018932b88970 WatcherThread [stack: 0x0000004e54300000,0x0000004e54400000] [id=10160]
  0x000001890da0dd10 GCTaskThread "GC Thread#0" [stack: 0x0000004e53100000,0x0000004e53200000] [id=7860]
  0x000001890da1ead0 ConcurrentGCThread "G1 Main Marker" [stack: 0x0000004e53200000,0x0000004e53300000] [id=9324]
  0x000001890da225c0 ConcurrentGCThread "G1 Conc#0" [stack: 0x0000004e53300000,0x0000004e53400000] [id=6776]
  0x000001890da6e0a0 ConcurrentGCThread "G1 Refine#0" [stack: 0x0000004e53400000,0x0000004e53500000] [id=14916]
  0x000001890da6e880 ConcurrentGCThread "G1 Service" [stack: 0x0000004e53500000,0x0000004e53600000] [id=21336]

Threads with active compile tasks:

VM state: not at safepoint (normal execution)

VM Mutex/Monitor currently owned by a thread: None

Heap address: 0x0000000702000000, size: 4064 MB, Compressed Oops mode: Zero based, Oop shift amount: 3

CDS archive(s) mapped at: [0x0000018933000000-0x0000018933bd0000-0x0000018933bd0000), size 12386304, SharedBaseAddress: 0x0000018933000000, ArchiveRelocationMode: 1.
Compressed class space mapped at: 0x0000018934000000-0x0000018974000000, reserved size: 1073741824
Narrow klass base: 0x0000018933000000, Narrow klass shift: 0, Narrow klass range: 0x100000000

GC Precious Log:
 CPUs: 12 total, 12 available
 Memory: 16251M
 Large Page Support: Disabled
 NUMA Support: Disabled
 Compressed Oops: Enabled (Zero based)
 Heap Region Size: 2M
 Heap Min Capacity: 8M
 Heap Initial Capacity: 254M
 Heap Max Capacity: 4064M
 Pre-touch: Disabled
 Parallel Workers: 10
 Concurrent Workers: 3
 Concurrent Refinement Workers: 10
 Periodic GC: Disabled

Heap:
 garbage-first heap   total 260096K, used 8192K [0x0000000702000000, 0x0000000800000000)
  region size 2048K, 5 young (10240K), 0 survivors (0K)
 Metaspace       used 3882K, committed 4032K, reserved 1114112K
  class space    used 257K, committed 320K, reserved 1048576K

Heap Regions: E=young(eden), S=young(survivor), O=old, HS=humongous(starts), HC=humongous(continues), CS=collection set, F=free, OA=open archive, CA=closed archive, TAMS=top-at-mark-start (previous, next)
|   0|0x0000000702000000, 0x0000000702000000, 0x0000000702200000|  0%| F|  |TAMS 0x0000000702000000, 0x0000000702000000| Untracked 
|   1|0x0000000702200000, 0x0000000702200000, 0x0000000702400000|  0%| F|  |TAMS 0x0000000702200000, 0x0000000702200000| Untracked 
|   2|0x0000000702400000, 0x0000000702400000, 0x0000000702600000|  0%| F|  |TAMS 0x0000000702400000, 0x0000000702400000| Untracked 
|   3|0x0000000702600000, 0x0000000702600000, 0x0000000702800000|  0%| F|  |TAMS 0x0000000702600000, 0x0000000702600000| Untracked 
|   4|0x0000000702800000, 0x0000000702800000, 0x0000000702a00000|  0%| F|  |TAMS 0x0000000702800000, 0x0000000702800000| Untracked 
|   5|0x0000000702a00000, 0x0000000702a00000, 0x0000000702c00000|  0%| F|  |TAMS 0x0000000702a00000, 0x0000000702a00000| Untracked 
|   6|0x0000000702c00000, 0x0000000702c00000, 0x0000000702e00000|  0%| F|  |TAMS 0x0000000702c00000, 0x0000000702c00000| Untracked 
|   7|0x0000000702e00000, 0x0000000702e00000, 0x0000000703000000|  0%| F|  |TAMS 0x0000000702e00000, 0x0000000702e00000| Untracked 
|   8|0x0000000703000000, 0x0000000703000000, 0x0000000703200000|  0%| F|  |TAMS 0x0000000703000000, 0x0000000703000000| Untracked 
|   9|0x0000000703200000, 0x0000000703200000, 0x0000000703400000|  0%| F|  |TAMS 0x0000000703200000, 0x0000000703200000| Untracked 
|  10|0x0000000703400000, 0x0000000703400000, 0x0000000703600000|  0%| F|  |TAMS 0x0000000703400000, 0x0000000703400000| Untracked 
|  11|0x0000000703600000, 0x0000000703600000, 0x0000000703800000|  0%| F|  |TAMS 0x0000000703600000, 0x0000000703600000| Untracked 
|  12|0x0000000703800000, 0x0000000703800000, 0x0000000703a00000|  0%| F|  |TAMS 0x0000000703800000, 0x0000000703800000| Untracked 
|  13|0x0000000703a00000, 0x0000000703a00000, 0x0000000703c00000|  0%| F|  |TAMS 0x0000000703a00000, 0x0000000703a00000| Untracked 
|  14|0x0000000703c00000, 0x0000000703c00000, 0x0000000703e00000|  0%| F|  |TAMS 0x0000000703c00000, 0x0000000703c00000| Untracked 
|  15|0x0000000703e00000, 0x0000000703e00000, 0x0000000704000000|  0%| F|  |TAMS 0x0000000703e00000, 0x0000000703e00000| Untracked 
|  16|0x0000000704000000, 0x0000000704000000, 0x0000000704200000|  0%| F|  |TAMS 0x0000000704000000, 0x0000000704000000| Untracked 
|  17|0x0000000704200000, 0x0000000704200000, 0x0000000704400000|  0%| F|  |TAMS 0x0000000704200000, 0x0000000704200000| Untracked 
|  18|0x0000000704400000, 0x0000000704400000, 0x0000000704600000|  0%| F|  |TAMS 0x0000000704400000, 0x0000000704400000| Untracked 
|  19|0x0000000704600000, 0x0000000704600000, 0x0000000704800000|  0%| F|  |TAMS 0x0000000704600000, 0x0000000704600000| Untracked 
|  20|0x0000000704800000, 0x0000000704800000, 0x0000000704a00000|  0%| F|  |TAMS 0x0000000704800000, 0x0000000704800000| Untracked 
|  21|0x0000000704a00000, 0x0000000704a00000, 0x0000000704c00000|  0%| F|  |TAMS 0x0000000704a00000, 0x0000000704a00000| Untracked 
|  22|0x0000000704c00000, 0x0000000704c00000, 0x0000000704e00000|  0%| F|  |TAMS 0x0000000704c00000, 0x0000000704c00000| Untracked 
|  23|0x0000000704e00000, 0x0000000704e00000, 0x0000000705000000|  0%| F|  |TAMS 0x0000000704e00000, 0x0000000704e00000| Untracked 
|  24|0x0000000705000000, 0x0000000705000000, 0x0000000705200000|  0%| F|  |TAMS 0x0000000705000000, 0x0000000705000000| Untracked 
|  25|0x0000000705200000, 0x0000000705200000, 0x0000000705400000|  0%| F|  |TAMS 0x0000000705200000, 0x0000000705200000| Untracked 
|  26|0x0000000705400000, 0x0000000705400000, 0x0000000705600000|  0%| F|  |TAMS 0x0000000705400000, 0x0000000705400000| Untracked 
|  27|0x0000000705600000, 0x0000000705600000, 0x0000000705800000|  0%| F|  |TAMS 0x0000000705600000, 0x0000000705600000| Untracked 
|  28|0x0000000705800000, 0x0000000705800000, 0x0000000705a00000|  0%| F|  |TAMS 0x0000000705800000, 0x0000000705800000| Untracked 
|  29|0x0000000705a00000, 0x0000000705a00000, 0x0000000705c00000|  0%| F|  |TAMS 0x0000000705a00000, 0x0000000705a00000| Untracked 
|  30|0x0000000705c00000, 0x0000000705c00000, 0x0000000705e00000|  0%| F|  |TAMS 0x0000000705c00000, 0x0000000705c00000| Untracked 
|  31|0x0000000705e00000, 0x0000000705e00000, 0x0000000706000000|  0%| F|  |TAMS 0x0000000705e00000, 0x0000000705e00000| Untracked 
|  32|0x0000000706000000, 0x0000000706000000, 0x0000000706200000|  0%| F|  |TAMS 0x0000000706000000, 0x0000000706000000| Untracked 
|  33|0x0000000706200000, 0x0000000706200000, 0x0000000706400000|  0%| F|  |TAMS 0x0000000706200000, 0x0000000706200000| Untracked 
|  34|0x0000000706400000, 0x0000000706400000, 0x0000000706600000|  0%| F|  |TAMS 0x0000000706400000, 0x0000000706400000| Untracked 
|  35|0x0000000706600000, 0x0000000706600000, 0x0000000706800000|  0%| F|  |TAMS 0x0000000706600000, 0x0000000706600000| Untracked 
|  36|0x0000000706800000, 0x0000000706800000, 0x0000000706a00000|  0%| F|  |TAMS 0x0000000706800000, 0x0000000706800000| Untracked 
|  37|0x0000000706a00000, 0x0000000706a00000, 0x0000000706c00000|  0%| F|  |TAMS 0x0000000706a00000, 0x0000000706a00000| Untracked 
|  38|0x0000000706c00000, 0x0000000706c00000, 0x0000000706e00000|  0%| F|  |TAMS 0x0000000706c00000, 0x0000000706c00000| Untracked 
|  39|0x0000000706e00000, 0x0000000706e00000, 0x0000000707000000|  0%| F|  |TAMS 0x0000000706e00000, 0x0000000706e00000| Untracked 
|  40|0x0000000707000000, 0x0000000707000000, 0x0000000707200000|  0%| F|  |TAMS 0x0000000707000000, 0x0000000707000000| Untracked 
|  41|0x0000000707200000, 0x0000000707200000, 0x0000000707400000|  0%| F|  |TAMS 0x0000000707200000, 0x0000000707200000| Untracked 
|  42|0x0000000707400000, 0x0000000707400000, 0x0000000707600000|  0%| F|  |TAMS 0x0000000707400000, 0x0000000707400000| Untracked 
|  43|0x0000000707600000, 0x0000000707600000, 0x0000000707800000|  0%| F|  |TAMS 0x0000000707600000, 0x0000000707600000| Untracked 
|  44|0x0000000707800000, 0x0000000707800000, 0x0000000707a00000|  0%| F|  |TAMS 0x0000000707800000, 0x0000000707800000| Untracked 
|  45|0x0000000707a00000, 0x0000000707a00000, 0x0000000707c00000|  0%| F|  |TAMS 0x0000000707a00000, 0x0000000707a00000| Untracked 
|  46|0x0000000707c00000, 0x0000000707c00000, 0x0000000707e00000|  0%| F|  |TAMS 0x0000000707c00000, 0x0000000707c00000| Untracked 
|  47|0x0000000707e00000, 0x0000000707e00000, 0x0000000708000000|  0%| F|  |TAMS 0x0000000707e00000, 0x0000000707e00000| Untracked 
|  48|0x0000000708000000, 0x0000000708000000, 0x0000000708200000|  0%| F|  |TAMS 0x0000000708000000, 0x0000000708000000| Untracked 
|  49|0x0000000708200000, 0x0000000708200000, 0x0000000708400000|  0%| F|  |TAMS 0x0000000708200000, 0x0000000708200000| Untracked 
|  50|0x0000000708400000, 0x0000000708400000, 0x0000000708600000|  0%| F|  |TAMS 0x0000000708400000, 0x0000000708400000| Untracked 
|  51|0x0000000708600000, 0x0000000708600000, 0x0000000708800000|  0%| F|  |TAMS 0x0000000708600000, 0x0000000708600000| Untracked 
|  52|0x0000000708800000, 0x0000000708800000, 0x0000000708a00000|  0%| F|  |TAMS 0x0000000708800000, 0x0000000708800000| Untracked 
|  53|0x0000000708a00000, 0x0000000708a00000, 0x0000000708c00000|  0%| F|  |TAMS 0x0000000708a00000, 0x0000000708a00000| Untracked 
|  54|0x0000000708c00000, 0x0000000708c00000, 0x0000000708e00000|  0%| F|  |TAMS 0x0000000708c00000, 0x0000000708c00000| Untracked 
|  55|0x0000000708e00000, 0x0000000708e00000, 0x0000000709000000|  0%| F|  |TAMS 0x0000000708e00000, 0x0000000708e00000| Untracked 
|  56|0x0000000709000000, 0x0000000709000000, 0x0000000709200000|  0%| F|  |TAMS 0x0000000709000000, 0x0000000709000000| Untracked 
|  57|0x0000000709200000, 0x0000000709200000, 0x0000000709400000|  0%| F|  |TAMS 0x0000000709200000, 0x0000000709200000| Untracked 
|  58|0x0000000709400000, 0x0000000709400000, 0x0000000709600000|  0%| F|  |TAMS 0x0000000709400000, 0x0000000709400000| Untracked 
|  59|0x0000000709600000, 0x0000000709600000, 0x0000000709800000|  0%| F|  |TAMS 0x0000000709600000, 0x0000000709600000| Untracked 
|  60|0x0000000709800000, 0x0000000709800000, 0x0000000709a00000|  0%| F|  |TAMS 0x0000000709800000, 0x0000000709800000| Untracked 
|  61|0x0000000709a00000, 0x0000000709a00000, 0x0000000709c00000|  0%| F|  |TAMS 0x0000000709a00000, 0x0000000709a00000| Untracked 
|  62|0x0000000709c00000, 0x0000000709c00000, 0x0000000709e00000|  0%| F|  |TAMS 0x0000000709c00000, 0x0000000709c00000| Untracked 
|  63|0x0000000709e00000, 0x0000000709e00000, 0x000000070a000000|  0%| F|  |TAMS 0x0000000709e00000, 0x0000000709e00000| Untracked 
|  64|0x000000070a000000, 0x000000070a000000, 0x000000070a200000|  0%| F|  |TAMS 0x000000070a000000, 0x000000070a000000| Untracked 
|  65|0x000000070a200000, 0x000000070a200000, 0x000000070a400000|  0%| F|  |TAMS 0x000000070a200000, 0x000000070a200000| Untracked 
|  66|0x000000070a400000, 0x000000070a400000, 0x000000070a600000|  0%| F|  |TAMS 0x000000070a400000, 0x000000070a400000| Untracked 
|  67|0x000000070a600000, 0x000000070a600000, 0x000000070a800000|  0%| F|  |TAMS 0x000000070a600000, 0x000000070a600000| Untracked 
|  68|0x000000070a800000, 0x000000070a800000, 0x000000070aa00000|  0%| F|  |TAMS 0x000000070a800000, 0x000000070a800000| Untracked 
|  69|0x000000070aa00000, 0x000000070aa00000, 0x000000070ac00000|  0%| F|  |TAMS 0x000000070aa00000, 0x000000070aa00000| Untracked 
|  70|0x000000070ac00000, 0x000000070ac00000, 0x000000070ae00000|  0%| F|  |TAMS 0x000000070ac00000, 0x000000070ac00000| Untracked 
|  71|0x000000070ae00000, 0x000000070ae00000, 0x000000070b000000|  0%| F|  |TAMS 0x000000070ae00000, 0x000000070ae00000| Untracked 
|  72|0x000000070b000000, 0x000000070b000000, 0x000000070b200000|  0%| F|  |TAMS 0x000000070b000000, 0x000000070b000000| Untracked 
|  73|0x000000070b200000, 0x000000070b200000, 0x000000070b400000|  0%| F|  |TAMS 0x000000070b200000, 0x000000070b200000| Untracked 
|  74|0x000000070b400000, 0x000000070b400000, 0x000000070b600000|  0%| F|  |TAMS 0x000000070b400000, 0x000000070b400000| Untracked 
|  75|0x000000070b600000, 0x000000070b600000, 0x000000070b800000|  0%| F|  |TAMS 0x000000070b600000, 0x000000070b600000| Untracked 
|  76|0x000000070b800000, 0x000000070b800000, 0x000000070ba00000|  0%| F|  |TAMS 0x000000070b800000, 0x000000070b800000| Untracked 
|  77|0x000000070ba00000, 0x000000070ba00000, 0x000000070bc00000|  0%| F|  |TAMS 0x000000070ba00000, 0x000000070ba00000| Untracked 
|  78|0x000000070bc00000, 0x000000070bc00000, 0x000000070be00000|  0%| F|  |TAMS 0x000000070bc00000, 0x000000070bc00000| Untracked 
|  79|0x000000070be00000, 0x000000070be00000, 0x000000070c000000|  0%| F|  |TAMS 0x000000070be00000, 0x000000070be00000| Untracked 
|  80|0x000000070c000000, 0x000000070c000000, 0x000000070c200000|  0%| F|  |TAMS 0x000000070c000000, 0x000000070c000000| Untracked 
|  81|0x000000070c200000, 0x000000070c200000, 0x000000070c400000|  0%| F|  |TAMS 0x000000070c200000, 0x000000070c200000| Untracked 
|  82|0x000000070c400000, 0x000000070c400000, 0x000000070c600000|  0%| F|  |TAMS 0x000000070c400000, 0x000000070c400000| Untracked 
|  83|0x000000070c600000, 0x000000070c600000, 0x000000070c800000|  0%| F|  |TAMS 0x000000070c600000, 0x000000070c600000| Untracked 
|  84|0x000000070c800000, 0x000000070c800000, 0x000000070ca00000|  0%| F|  |TAMS 0x000000070c800000, 0x000000070c800000| Untracked 
|  85|0x000000070ca00000, 0x000000070ca00000, 0x000000070cc00000|  0%| F|  |TAMS 0x000000070ca00000, 0x000000070ca00000| Untracked 
|  86|0x000000070cc00000, 0x000000070cc00000, 0x000000070ce00000|  0%| F|  |TAMS 0x000000070cc00000, 0x000000070cc00000| Untracked 
|  87|0x000000070ce00000, 0x000000070ce00000, 0x000000070d000000|  0%| F|  |TAMS 0x000000070ce00000, 0x000000070ce00000| Untracked 
|  88|0x000000070d000000, 0x000000070d000000, 0x000000070d200000|  0%| F|  |TAMS 0x000000070d000000, 0x000000070d000000| Untracked 
|  89|0x000000070d200000, 0x000000070d200000, 0x000000070d400000|  0%| F|  |TAMS 0x000000070d200000, 0x000000070d200000| Untracked 
|  90|0x000000070d400000, 0x000000070d400000, 0x000000070d600000|  0%| F|  |TAMS 0x000000070d400000, 0x000000070d400000| Untracked 
|  91|0x000000070d600000, 0x000000070d600000, 0x000000070d800000|  0%| F|  |TAMS 0x000000070d600000, 0x000000070d600000| Untracked 
|  92|0x000000070d800000, 0x000000070d800000, 0x000000070da00000|  0%| F|  |TAMS 0x000000070d800000, 0x000000070d800000| Untracked 
|  93|0x000000070da00000, 0x000000070da00000, 0x000000070dc00000|  0%| F|  |TAMS 0x000000070da00000, 0x000000070da00000| Untracked 
|  94|0x000000070dc00000, 0x000000070dc00000, 0x000000070de00000|  0%| F|  |TAMS 0x000000070dc00000, 0x000000070dc00000| Untracked 
|  95|0x000000070de00000, 0x000000070de00000, 0x000000070e000000|  0%| F|  |TAMS 0x000000070de00000, 0x000000070de00000| Untracked 
|  96|0x000000070e000000, 0x000000070e000000, 0x000000070e200000|  0%| F|  |TAMS 0x000000070e000000, 0x000000070e000000| Untracked 
|  97|0x000000070e200000, 0x000000070e200000, 0x000000070e400000|  0%| F|  |TAMS 0x000000070e200000, 0x000000070e200000| Untracked 
|  98|0x000000070e400000, 0x000000070e400000, 0x000000070e600000|  0%| F|  |TAMS 0x000000070e400000, 0x000000070e400000| Untracked 
|  99|0x000000070e600000, 0x000000070e600000, 0x000000070e800000|  0%| F|  |TAMS 0x000000070e600000, 0x000000070e600000| Untracked 
| 100|0x000000070e800000, 0x000000070e800000, 0x000000070ea00000|  0%| F|  |TAMS 0x000000070e800000, 0x000000070e800000| Untracked 
| 101|0x000000070ea00000, 0x000000070ea00000, 0x000000070ec00000|  0%| F|  |TAMS 0x000000070ea00000, 0x000000070ea00000| Untracked 
| 102|0x000000070ec00000, 0x000000070ec00000, 0x000000070ee00000|  0%| F|  |TAMS 0x000000070ec00000, 0x000000070ec00000| Untracked 
| 103|0x000000070ee00000, 0x000000070ee00000, 0x000000070f000000|  0%| F|  |TAMS 0x000000070ee00000, 0x000000070ee00000| Untracked 
| 104|0x000000070f000000, 0x000000070f000000, 0x000000070f200000|  0%| F|  |TAMS 0x000000070f000000, 0x000000070f000000| Untracked 
| 105|0x000000070f200000, 0x000000070f200000, 0x000000070f400000|  0%| F|  |TAMS 0x000000070f200000, 0x000000070f200000| Untracked 
| 106|0x000000070f400000, 0x000000070f400000, 0x000000070f600000|  0%| F|  |TAMS 0x000000070f400000, 0x000000070f400000| Untracked 
| 107|0x000000070f600000, 0x000000070f600000, 0x000000070f800000|  0%| F|  |TAMS 0x000000070f600000, 0x000000070f600000| Untracked 
| 108|0x000000070f800000, 0x000000070f800000, 0x000000070fa00000|  0%| F|  |TAMS 0x000000070f800000, 0x000000070f800000| Untracked 
| 109|0x000000070fa00000, 0x000000070fa00000, 0x000000070fc00000|  0%| F|  |TAMS 0x000000070fa00000, 0x000000070fa00000| Untracked 
| 110|0x000000070fc00000, 0x000000070fc00000, 0x000000070fe00000|  0%| F|  |TAMS 0x000000070fc00000, 0x000000070fc00000| Untracked 
| 111|0x000000070fe00000, 0x000000070fe00000, 0x0000000710000000|  0%| F|  |TAMS 0x000000070fe00000, 0x000000070fe00000| Untracked 
| 112|0x0000000710000000, 0x0000000710000000, 0x0000000710200000|  0%| F|  |TAMS 0x0000000710000000, 0x0000000710000000| Untracked 
| 113|0x0000000710200000, 0x0000000710200000, 0x0000000710400000|  0%| F|  |TAMS 0x0000000710200000, 0x0000000710200000| Untracked 
| 114|0x0000000710400000, 0x0000000710400000, 0x0000000710600000|  0%| F|  |TAMS 0x0000000710400000, 0x0000000710400000| Untracked 
| 115|0x0000000710600000, 0x0000000710600000, 0x0000000710800000|  0%| F|  |TAMS 0x0000000710600000, 0x0000000710600000| Untracked 
| 116|0x0000000710800000, 0x0000000710800000, 0x0000000710a00000|  0%| F|  |TAMS 0x0000000710800000, 0x0000000710800000| Untracked 
| 117|0x0000000710a00000, 0x0000000710a00000, 0x0000000710c00000|  0%| F|  |TAMS 0x0000000710a00000, 0x0000000710a00000| Untracked 
| 118|0x0000000710c00000, 0x0000000710c00000, 0x0000000710e00000|  0%| F|  |TAMS 0x0000000710c00000, 0x0000000710c00000| Untracked 
| 119|0x0000000710e00000, 0x0000000710e00000, 0x0000000711000000|  0%| F|  |TAMS 0x0000000710e00000, 0x0000000710e00000| Untracked 
| 120|0x0000000711000000, 0x0000000711000000, 0x0000000711200000|  0%| F|  |TAMS 0x0000000711000000, 0x0000000711000000| Untracked 
| 121|0x0000000711200000, 0x0000000711200000, 0x0000000711400000|  0%| F|  |TAMS 0x0000000711200000, 0x0000000711200000| Untracked 
| 122|0x0000000711400000, 0x000000071147a8c0, 0x0000000711600000| 23%| E|  |TAMS 0x0000000711400000, 0x0000000711400000| Complete 
| 123|0x0000000711600000, 0x0000000711800000, 0x0000000711800000|100%| E|CS|TAMS 0x0000000711600000, 0x0000000711600000| Complete 
| 124|0x0000000711800000, 0x0000000711a00000, 0x0000000711a00000|100%| E|CS|TAMS 0x0000000711800000, 0x0000000711800000| Complete 
| 125|0x0000000711a00000, 0x0000000711c00000, 0x0000000711c00000|100%| E|CS|TAMS 0x0000000711a00000, 0x0000000711a00000| Complete 
| 126|0x0000000711c00000, 0x0000000711e00000, 0x0000000711e00000|100%| E|CS|TAMS 0x0000000711c00000, 0x0000000711c00000| Complete 

Card table byte_map: [0x0000018926cb0000,0x00000189274a0000] _byte_map_base: 0x00000189234a0000

Marking Bits (Prev, Next): (CMBitMap*) 0x000001890da0e240, (CMBitMap*) 0x000001890da0e280
 Prev Bits: [0x0000018927c90000, 0x000001892bc10000)
 Next Bits: [0x000001892bc10000, 0x000001892fb90000)

Polling page: 0x000001890d6f0000

Metaspace:

Usage:
  Non-class:      3.54 MB used.
      Class:    257.49 KB used.
       Both:      3.79 MB used.

Virtual space:
  Non-class space:       64.00 MB reserved,       3.62 MB (  6%) committed,  1 nodes.
      Class space:        1.00 GB reserved,     320.00 KB ( <1%) committed,  1 nodes.
             Both:        1.06 GB reserved,       3.94 MB ( <1%) committed. 

Chunk freelists:
   Non-Class:  10.23 MB
       Class:  15.64 MB
        Both:  25.87 MB

MaxMetaspaceSize: unlimited
CompressedClassSpaceSize: 1.00 GB
Initial GC threshold: 21.00 MB
Current GC threshold: 21.00 MB
CDS: on
MetaspaceReclaimPolicy: balanced
 - commit_granule_bytes: 65536.
 - commit_granule_words: 8192.
 - virtual_space_node_default_size: 8388608.
 - enlarge_chunks_in_place: 1.
 - new_chunks_are_fully_committed: 0.
 - uncommit_free_chunks: 1.
 - use_allocation_guard: 0.
 - handle_deallocations: 1.


Internal statistics:

num_allocs_failed_limit: 0.
num_arena_births: 64.
num_arena_deaths: 0.
num_vsnodes_births: 2.
num_vsnodes_deaths: 0.
num_space_committed: 61.
num_space_uncommitted: 0.
num_chunks_returned_to_freelist: 0.
num_chunks_taken_from_freelist: 147.
num_chunk_merges: 0.
num_chunk_splits: 94.
num_chunks_enlarged: 59.
num_inconsistent_stats: 0.

CodeHeap 'non-profiled nmethods': size=120000Kb used=207Kb max_used=207Kb free=119792Kb
 bounds [0x000001891e300000, 0x000001891e570000, 0x0000018925830000]
CodeHeap 'profiled nmethods': size=120000Kb used=1049Kb max_used=1049Kb free=118950Kb
 bounds [0x0000018916830000, 0x0000018916aa0000, 0x000001891dd60000]
CodeHeap 'non-nmethods': size=5760Kb used=1624Kb max_used=1639Kb free=4135Kb
 bounds [0x000001891dd60000, 0x000001891dfd0000, 0x000001891e300000]
 total_blobs=1762 nmethods=700 adapters=975
 compilation: enabled
              stopped_count=0, restarted_count=0
 full_count=0

Compilation events (20 events):
Event: 0.379 Thread 0x00000189329f2bc0  691       3       sun.nio.ch.FileChannelImpl::beginBlocking (12 bytes)
Event: 0.379 Thread 0x00000189329f2bc0 nmethod 691 0x0000018916932190 code [0x0000018916932340, 0x00000189169324a8]
Event: 0.379 Thread 0x00000189329f2bc0  692       3       sun.nio.ch.IOUtil::acquireScope (11 bytes)
Event: 0.379 Thread 0x00000189329f2bc0 nmethod 692 0x0000018916932590 code [0x0000018916932720, 0x0000018916932848]
Event: 0.379 Thread 0x00000189329f2bc0  693       3       java.nio.Buffer$1::acquireScope (41 bytes)
Event: 0.379 Thread 0x00000189329f2bc0 nmethod 693 0x0000018916932910 code [0x0000018916932b00, 0x00000189169330f8]
Event: 0.379 Thread 0x00000189329f2bc0  694       3       sun.nio.ch.IOUtil::bufferAddress (10 bytes)
Event: 0.379 Thread 0x00000189329f2bc0 nmethod 694 0x0000018916933310 code [0x00000189169334a0, 0x00000189169335f8]
Event: 0.380 Thread 0x00000189329f2bc0  695       3       java.nio.Buffer$1::getBufferAddress (5 bytes)
Event: 0.380 Thread 0x00000189329f2bc0 nmethod 695 0x0000018916933710 code [0x00000189169338a0, 0x00000189169339b8]
Event: 0.380 Thread 0x00000189329f2bc0  696   !   3       sun.nio.ch.IOUtil::releaseScope (31 bytes)
Event: 0.380 Thread 0x00000189329f2bc0 nmethod 696 0x0000018916933a90 code [0x0000018916933c60, 0x0000018916933fa8]
Event: 0.380 Thread 0x00000189329f2bc0  697       3       java.nio.MappedByteBuffer::flip (5 bytes)
Event: 0.380 Thread 0x00000189329f2bc0 nmethod 697 0x0000018916934110 code [0x00000189169342c0, 0x00000189169344f8]
Event: 0.380 Thread 0x00000189329f2bc0  698       3       java.nio.MappedByteBuffer::flip (7 bytes)
Event: 0.380 Thread 0x00000189329f2bc0 nmethod 698 0x0000018916934610 code [0x00000189169347c0, 0x0000018916934998]
Event: 0.380 Thread 0x00000189329f2bc0  699       3       sun.nio.ch.Util::offerFirstTemporaryDirectBuffer (53 bytes)
Event: 0.380 Thread 0x00000189329f2bc0 nmethod 699 0x0000018916934a90 code [0x0000018916934ce0, 0x00000189169356b8]
Event: 0.380 Thread 0x00000189329f2bc0  700       3       java.nio.ByteBuffer::put (124 bytes)
Event: 0.380 Thread 0x00000189329f2bc0 nmethod 700 0x0000018916935990 code [0x0000018916935bc0, 0x0000018916936468]

GC Heap History (0 events):
No events

Deoptimization events (20 events):
Event: 0.167 Thread 0x000001890d9a2050 DEOPT PACKING pc=0x00000189168c0d72 sp=0x0000004e530fe3b0
Event: 0.167 Thread 0x000001890d9a2050 DEOPT UNPACKING pc=0x000001891ddb2b43 sp=0x0000004e530fd828 mode 0
Event: 0.167 Thread 0x000001890d9a2050 DEOPT PACKING pc=0x00000189168c0d72 sp=0x0000004e530fe3b0
Event: 0.167 Thread 0x000001890d9a2050 DEOPT UNPACKING pc=0x000001891ddb2b43 sp=0x0000004e530fd828 mode 0
Event: 0.167 Thread 0x000001890d9a2050 DEOPT PACKING pc=0x00000189168c0d72 sp=0x0000004e530fe3b0
Event: 0.167 Thread 0x000001890d9a2050 DEOPT UNPACKING pc=0x000001891ddb2b43 sp=0x0000004e530fd828 mode 0
Event: 0.167 Thread 0x000001890d9a2050 DEOPT PACKING pc=0x00000189168c0d72 sp=0x0000004e530fe3b0
Event: 0.167 Thread 0x000001890d9a2050 DEOPT UNPACKING pc=0x000001891ddb2b43 sp=0x0000004e530fd828 mode 0
Event: 0.167 Thread 0x000001890d9a2050 DEOPT PACKING pc=0x00000189168c0d72 sp=0x0000004e530fe3b0
Event: 0.167 Thread 0x000001890d9a2050 DEOPT UNPACKING pc=0x000001891ddb2b43 sp=0x0000004e530fd828 mode 0
Event: 0.285 Thread 0x000001890d9a2050 DEOPT PACKING pc=0x00000189168564e7 sp=0x0000004e530fe650
Event: 0.285 Thread 0x000001890d9a2050 DEOPT UNPACKING pc=0x000001891ddb2b43 sp=0x0000004e530fda70 mode 0
Event: 0.353 Thread 0x000001890d9a2050 DEOPT PACKING pc=0x000001891691f58e sp=0x0000004e530ff6d0
Event: 0.353 Thread 0x000001890d9a2050 DEOPT UNPACKING pc=0x000001891ddb2b43 sp=0x0000004e530febf0 mode 0
Event: 0.360 Thread 0x000001890d9a2050 Uncommon trap: trap_request=0xffffff45 fr.pc=0x000001891e331d40 relative=0x0000000000000220
Event: 0.360 Thread 0x000001890d9a2050 Uncommon trap: reason=unstable_if action=reinterpret pc=0x000001891e331d40 method=com.thumbling.main.Main.run()V @ 103 c2
Event: 0.360 Thread 0x000001890d9a2050 DEOPT PACKING pc=0x000001891e331d40 sp=0x0000004e530ff780
Event: 0.360 Thread 0x000001890d9a2050 DEOPT UNPACKING pc=0x000001891ddb23a3 sp=0x0000004e530ff6f8 mode 2
Event: 0.367 Thread 0x000001890d9a2050 DEOPT PACKING pc=0x0000018916837551 sp=0x0000004e530fe2a0
Event: 0.367 Thread 0x000001890d9a2050 DEOPT UNPACKING pc=0x000001891ddb2b43 sp=0x0000004e530fd718 mode 0

Classes unloaded (0 events):
No events

Classes redefined (0 events):
No events

Internal exceptions (20 events):
Event: 0.111 Thread 0x000001890d9a2050 Exception <a 'sun/nio/fs/WindowsException'{0x0000000711856c68}> (0x0000000711856c68) 
thrown [s\open\src\hotspot\share\prims\jni.cpp, line 516]
Event: 0.111 Thread 0x000001890d9a2050 Exception <a 'sun/nio/fs/WindowsException'{0x00000007118571a8}> (0x00000007118571a8) 
thrown [s\open\src\hotspot\share\prims\jni.cpp, line 516]
Event: 0.140 Thread 0x000001890d9a2050 Exception <a 'java/lang/NoSuchMethodError'{0x00000007118f4ea0}: 'int java.lang.invoke.DirectMethodHandle$Holder.invokeStaticInit(java.lang.Object, java.lang.Object, int, long)'> (0x00000007118f4ea0) 
thrown [s\open\src\hotspot\share\interpreter\linkResolver.cpp, line 759]
Event: 0.141 Thread 0x000001890d9a2050 Exception <a 'java/lang/NoSuchMethodError'{0x00000007118fa768}: 'java.lang.Object java.lang.invoke.DirectMethodHandle$Holder.newInvokeSpecial(java.lang.Object, java.lang.Object, int)'> (0x00000007118fa768) 
thrown [s\open\src\hotspot\share\interpreter\linkResolver.cpp, line 759]
Event: 0.142 Thread 0x000001890d9a2050 Exception <a 'java/lang/NoSuchMethodError'{0x0000000711909420}: 'int java.lang.invoke.DirectMethodHandle$Holder.invokeStaticInit(java.lang.Object, java.lang.Object, long, long)'> (0x0000000711909420) 
thrown [s\open\src\hotspot\share\interpreter\linkResolver.cpp, line 759]
Event: 0.143 Thread 0x000001890d9a2050 Exception <a 'java/lang/NoSuchMethodError'{0x000000071190f530}: 'java.lang.Object java.lang.invoke.DirectMethodHandle$Holder.newInvokeSpecial(java.lang.Object, java.lang.Object, long)'> (0x000000071190f530) 
thrown [s\open\src\hotspot\share\interpreter\linkResolver.cpp, line 759]
Event: 0.143 Thread 0x000001890d9a2050 Exception <a 'java/lang/NoSuchMethodError'{0x0000000711913578}: 'java.lang.Object java.lang.invoke.Invokers$Holder.linkToTargetMethod(java.lang.Object, long, java.lang.Object)'> (0x0000000711913578) 
thrown [s\open\src\hotspot\share\interpreter\linkResolver.cpp, line 759]
Event: 0.143 Thread 0x000001890d9a2050 Exception <a 'java/lang/NoSuchMethodError'{0x000000071191ac90}: 'int java.lang.invoke.DirectMethodHandle$Holder.invokeStaticInit(java.lang.Object, java.lang.Object, java.lang.Object, long)'> (0x000000071191ac90) 
thrown [s\open\src\hotspot\share\interpreter\linkResolver.cpp, line 759]
Event: 0.157 Thread 0x000001890d9a2050 Exception <a 'sun/nio/fs/WindowsException'{0x00000007119c0358}> (0x00000007119c0358) 
thrown [s\open\src\hotspot\share\prims\jni.cpp, line 516]
Event: 0.157 Thread 0x000001890d9a2050 Exception <a 'sun/nio/fs/WindowsException'{0x00000007119c06b0}> (0x00000007119c06b0) 
thrown [s\open\src\hotspot\share\prims\jni.cpp, line 516]
Event: 0.288 Thread 0x000001890d9a2050 Exception <a 'sun/nio/fs/WindowsException'{0x0000000711644468}> (0x0000000711644468) 
thrown [s\open\src\hotspot\share\prims\jni.cpp, line 516]
Event: 0.288 Thread 0x000001890d9a2050 Exception <a 'sun/nio/fs/WindowsException'{0x00000007116447f8}> (0x00000007116447f8) 
thrown [s\open\src\hotspot\share\prims\jni.cpp, line 516]
Event: 0.291 Thread 0x000001890d9a2050 Exception <a 'sun/nio/fs/WindowsException'{0x000000071164dcf0}> (0x000000071164dcf0) 
thrown [s\open\src\hotspot\share\prims\jni.cpp, line 516]
Event: 0.291 Thread 0x000001890d9a2050 Exception <a 'sun/nio/fs/WindowsException'{0x000000071164dfc0}> (0x000000071164dfc0) 
thrown [s\open\src\hotspot\share\prims\jni.cpp, line 516]
Event: 0.370 Thread 0x000001890d9a2050 Exception <a 'sun/nio/fs/WindowsException'{0x0000000711433f60}> (0x0000000711433f60) 
thrown [s\open\src\hotspot\share\prims\jni.cpp, line 516]
Event: 0.370 Thread 0x000001890d9a2050 Exception <a 'sun/nio/fs/WindowsException'{0x0000000711434230}> (0x0000000711434230) 
thrown [s\open\src\hotspot\share\prims\jni.cpp, line 516]
Event: 0.370 Thread 0x000001890d9a2050 Exception <a 'sun/nio/fs/WindowsException'{0x0000000711434ca8}> (0x0000000711434ca8) 
thrown [s\open\src\hotspot\share\prims\jni.cpp, line 516]
Event: 0.371 Thread 0x000001890d9a2050 Exception <a 'sun/nio/fs/WindowsException'{0x000000071143bd70}> (0x000000071143bd70) 
thrown [s\open\src\hotspot\share\prims\jni.cpp, line 516]
Event: 0.375 Thread 0x000001890d9a2050 Exception <a 'sun/nio/fs/WindowsException'{0x000000071143eb70}> (0x000000071143eb70) 
thrown [s\open\src\hotspot\share\prims\jni.cpp, line 516]
Event: 0.375 Thread 0x000001890d9a2050 Exception <a 'sun/nio/fs/WindowsException'{0x000000071143eee0}> (0x000000071143eee0) 
thrown [s\open\src\hotspot\share\prims\jni.cpp, line 516]

VM Operations (4 events):
Event: 0.043 Executing VM operation: HandshakeAllThreads
Event: 0.043 Executing VM operation: HandshakeAllThreads done
Event: 0.072 Executing VM operation: HandshakeAllThreads
Event: 0.072 Executing VM operation: HandshakeAllThreads done

Events (20 events):
Event: 0.150 loading class java/util/Formatter$FixedString
Event: 0.150 loading class java/util/Formatter$FixedString done
Event: 0.158 loading class java/lang/NoSuchFieldError
Event: 0.158 loading class java/lang/NoSuchFieldError done
Event: 0.167 loading class jdk/internal/reflect/UnsafeQualifiedStaticIntegerFieldAccessorImpl
Event: 0.167 loading class jdk/internal/reflect/UnsafeQualifiedStaticIntegerFieldAccessorImpl done
Event: 0.289 Loaded shared library C:\Users\User\AppData\Local\Temp\lwjgl_User\3.3.4+7\x64\lwjgl_opengl.dll
Event: 0.341 loading class sun/net/ProgressMonitor
Event: 0.342 loading class sun/net/ProgressMonitor done
Event: 0.342 loading class sun/net/DefaultProgressMeteringPolicy
Event: 0.342 loading class sun/net/ProgressMeteringPolicy
Event: 0.342 loading class sun/net/ProgressMeteringPolicy done
Event: 0.342 loading class sun/net/DefaultProgressMeteringPolicy done
Event: 0.370 loading class jdk/internal/misc/ScopedMemoryAccess$Scope
Event: 0.370 loading class jdk/internal/misc/ScopedMemoryAccess$Scope done
Event: 0.370 loading class java/nio/file/FileAlreadyExistsException
Event: 0.370 loading class java/nio/file/FileAlreadyExistsException done
Event: 0.371 loading class java/nio/file/StandardCopyOption
Event: 0.371 loading class java/nio/file/StandardCopyOption done
Event: 0.377 Loaded shared library C:\Users\User\AppData\Local\Temp\lwjgl_User\3.3.4+7\x64\lwjgl_stb.dll


Dynamic libraries:
0x00007ff631d40000 - 0x00007ff631d50000 	C:\Program Files\Java\jdk-17\bin\java.exe
0x00007ffa58980000 - 0x00007ffa58be9000 	C:\WINDOWS\SYSTEM32\ntdll.dll
0x00007ffa58160000 - 0x00007ffa58229000 	C:\WINDOWS\System32\KERNEL32.DLL
0x00007ffa55f00000 - 0x00007ffa562f3000 	C:\WINDOWS\System32\KERNELBASE.dll
0x00007ffa56600000 - 0x00007ffa5674b000 	C:\WINDOWS\System32\ucrtbase.dll
0x00007ffa51510000 - 0x00007ffa51529000 	C:\Program Files\Java\jdk-17\bin\jli.dll
0x00007ffa51490000 - 0x00007ffa514ab000 	C:\Program Files\Java\jdk-17\bin\VCRUNTIME140.dll
0x00007ffa58880000 - 0x00007ffa58934000 	C:\WINDOWS\System32\ADVAPI32.dll
0x00007ffa56ce0000 - 0x00007ffa56d89000 	C:\WINDOWS\System32\msvcrt.dll
0x00007ffa58230000 - 0x00007ffa582d6000 	C:\WINDOWS\System32\sechost.dll
0x00007ffa58040000 - 0x00007ffa58158000 	C:\WINDOWS\System32\RPCRT4.dll
0x00007ffa56780000 - 0x00007ffa56944000 	C:\WINDOWS\System32\USER32.dll
0x00007ffa45860000 - 0x00007ffa45af3000 	C:\WINDOWS\WinSxS\amd64_microsoft.windows.common-controls_6595b64144ccf1df_6.0.26100.5074_none_3e0d6f78e32fd63f\COMCTL32.dll
0x00007ffa56450000 - 0x00007ffa56477000 	C:\WINDOWS\System32\win32u.dll
0x00007ffa56750000 - 0x00007ffa5677b000 	C:\WINDOWS\System32\GDI32.dll
0x00007ffa55c80000 - 0x00007ffa55dad000 	C:\WINDOWS\System32\gdi32full.dll
0x00007ffa4e440000 - 0x00007ffa4e44b000 	C:\WINDOWS\SYSTEM32\VERSION.dll
0x00007ffa55e50000 - 0x00007ffa55ef3000 	C:\WINDOWS\System32\msvcp_win.dll
0x00007ffa57b70000 - 0x00007ffa57b9f000 	C:\WINDOWS\System32\IMM32.DLL
0x00007ffa51480000 - 0x00007ffa5148c000 	C:\Program Files\Java\jdk-17\bin\vcruntime140_1.dll
0x00007ffa513f0000 - 0x00007ffa5147e000 	C:\Program Files\Java\jdk-17\bin\msvcp140.dll
0x00007ff970960000 - 0x00007ff971540000 	C:\Program Files\Java\jdk-17\bin\server\jvm.dll
0x00007ffa57e20000 - 0x00007ffa57e28000 	C:\WINDOWS\System32\PSAPI.DLL
0x00007ffa491d0000 - 0x00007ffa49205000 	C:\WINDOWS\SYSTEM32\WINMM.dll
0x00007ffa431e0000 - 0x00007ffa431ea000 	C:\WINDOWS\SYSTEM32\WSOCK32.dll
0x00007ffa587f0000 - 0x00007ffa58864000 	C:\WINDOWS\System32\WS2_32.dll
0x00007ffa548f0000 - 0x00007ffa5490b000 	C:\WINDOWS\SYSTEM32\kernel.appcore.dll
0x00007ffa513e0000 - 0x00007ffa513ea000 	C:\Program Files\Java\jdk-17\bin\jimage.dll
0x00007ffa53530000 - 0x00007ffa53772000 	C:\WINDOWS\SYSTEM32\DBGHELP.DLL
0x00007ffa56d90000 - 0x00007ffa5710b000 	C:\WINDOWS\System32\combase.dll
0x00007ffa578e0000 - 0x00007ffa579b7000 	C:\WINDOWS\System32\OLEAUT32.dll
0x00007ffa43090000 - 0x00007ffa430cd000 	C:\WINDOWS\SYSTEM32\dbgcore.DLL
0x00007ffa55db0000 - 0x00007ffa55e49000 	C:\WINDOWS\System32\bcryptPrimitives.dll
0x00007ffa44400000 - 0x00007ffa4440e000 	C:\Program Files\Java\jdk-17\bin\instrument.dll
0x00007ffa2ca40000 - 0x00007ffa2ca65000 	C:\Program Files\Java\jdk-17\bin\java.dll
0x00007ff97a4a0000 - 0x00007ff97a577000 	C:\Program Files\Java\jdk-17\bin\jsvml.dll
0x00007ffa57170000 - 0x00007ffa578bd000 	C:\WINDOWS\System32\SHELL32.dll
0x00007ffa55b10000 - 0x00007ffa55c7c000 	C:\WINDOWS\System32\wintypes.dll
0x00007ffa53780000 - 0x00007ffa53fd9000 	C:\WINDOWS\SYSTEM32\windows.storage.dll
0x00007ffa57ea0000 - 0x00007ffa57f90000 	C:\WINDOWS\System32\SHCORE.dll
0x00007ffa57e30000 - 0x00007ffa57e92000 	C:\WINDOWS\System32\shlwapi.dll
0x00007ffa55a30000 - 0x00007ffa55a59000 	C:\WINDOWS\SYSTEM32\profapi.dll
0x00007ffa389c0000 - 0x00007ffa389d8000 	C:\Program Files\Java\jdk-17\bin\zip.dll
0x00007ffa42e80000 - 0x00007ffa42e99000 	C:\Program Files\Java\jdk-17\bin\net.dll
0x00007ffa4e4f0000 - 0x00007ffa4e60f000 	C:\WINDOWS\SYSTEM32\WINHTTP.dll
0x00007ffa54e70000 - 0x00007ffa54edb000 	C:\WINDOWS\system32\mswsock.dll
0x00007ffa3fd00000 - 0x00007ffa3fd16000 	C:\Program Files\Java\jdk-17\bin\nio.dll
0x00007ffa2bb50000 - 0x00007ffa2bbcb000 	C:\Users\User\AppData\Local\Temp\lwjgl_User\3.3.4+7\x64\lwjgl.dll
0x00007ff9fab50000 - 0x00007ff9fabd5000 	C:\Users\User\AppData\Local\Temp\lwjgl_User\3.3.4+7\x64\glfw.dll
0x00007ffa32760000 - 0x00007ffa327ab000 	C:\WINDOWS\SYSTEM32\dinput8.dll
0x00007ffa378b0000 - 0x00007ffa378c2000 	C:\WINDOWS\SYSTEM32\xinput1_4.dll
0x00007ffa556a0000 - 0x00007ffa556f7000 	C:\WINDOWS\SYSTEM32\cfgmgr32.dll
0x00007ffa55670000 - 0x00007ffa5569d000 	C:\WINDOWS\SYSTEM32\DEVOBJ.dll
0x00007ffa52ee0000 - 0x00007ffa52f0b000 	C:\WINDOWS\SYSTEM32\dwmapi.dll
0x00007ffa425e0000 - 0x00007ffa427ba000 	C:\WINDOWS\SYSTEM32\inputhost.dll
0x00007ffa524a0000 - 0x00007ffa525c5000 	C:\WINDOWS\SYSTEM32\CoreMessaging.dll
0x00007ffa52b50000 - 0x00007ffa52bf8000 	C:\WINDOWS\system32\uxtheme.dll
0x00007ffa56b30000 - 0x00007ffa56c88000 	C:\WINDOWS\System32\MSCTF.dll
0x00007ffa55130000 - 0x00007ffa5513c000 	C:\WINDOWS\SYSTEM32\CRYPTBASE.DLL
0x00007ff9d4ce0000 - 0x00007ff9d4dec000 	C:\WINDOWS\SYSTEM32\opengl32.dll
0x00007ff9d4740000 - 0x00007ff9d476d000 	C:\WINDOWS\SYSTEM32\GLU32.dll
0x00007ffa52c30000 - 0x00007ffa52c74000 	C:\WINDOWS\SYSTEM32\dxcore.dll
0x00007ffa44c10000 - 0x00007ffa44c2a000 	C:\WINDOWS\SYSTEM32\windows.staterepositorycore.dll
0x00007ff9f4200000 - 0x00007ff9f4230000 	C:\WINDOWS\System32\DriverStore\FileRepository\u0418637.inf_amd64_4462a7afa694670e\B418564\atig6pxx.dll
0x00007ff9a6800000 - 0x00007ff9aa61f000 	C:\WINDOWS\System32\DriverStore\FileRepository\u0418637.inf_amd64_4462a7afa694670e\B418564\atio6axx.dll
0x00007ffa579d0000 - 0x00007ffa57b68000 	C:\WINDOWS\System32\ole32.dll
0x00007ffa58360000 - 0x00007ffa587e7000 	C:\WINDOWS\System32\SETUPAPI.dll
0x00007ffa563c0000 - 0x00007ffa5643e000 	C:\WINDOWS\System32\WINTRUST.dll
0x00007ffa56480000 - 0x00007ffa565f7000 	C:\WINDOWS\System32\CRYPT32.dll
0x00007ffa55180000 - 0x00007ffa55193000 	C:\WINDOWS\SYSTEM32\MSASN1.dll
0x00007ffa55a00000 - 0x00007ffa55a26000 	C:\WINDOWS\SYSTEM32\BCrypt.dll
0x00007ffa480c0000 - 0x00007ffa480fc000 	C:\WINDOWS\System32\DriverStore\FileRepository\u0418637.inf_amd64_4462a7afa694670e\B418564\amdihk64.dll
0x00007ffa482e0000 - 0x00007ffa48429000 	C:\WINDOWS\SYSTEM32\textinputframework.dll
0x00007ffa4d840000 - 0x00007ffa4db23000 	C:\WINDOWS\SYSTEM32\CoreUIComponents.dll
0x00007ff9fa8c0000 - 0x00007ff9fa921000 	C:\Users\User\AppData\Local\Temp\lwjgl_User\3.3.4+7\x64\lwjgl_opengl.dll
0x00007ff9fa680000 - 0x00007ff9fa720000 	C:\Users\User\AppData\Local\Temp\lwjgl_User\3.3.4+7\x64\lwjgl_stb.dll

dbghelp: loaded successfully - version: 4.0.5 - missing functions: none
symbol engine: initialized successfully - sym options: 0x614 - pdb path: .;C:\Program Files\Java\jdk-17\bin;C:\WINDOWS\SYSTEM32;C:\WINDOWS\WinSxS\amd64_microsoft.windows.common-controls_6595b64144ccf1df_6.0.26100.5074_none_3e0d6f78e32fd63f;C:\Program Files\Java\jdk-17\bin\server;C:\Users\User\AppData\Local\Temp\lwjgl_User\3.3.4+7\x64;C:\WINDOWS\System32\DriverStore\FileRepository\u0418637.inf_amd64_4462a7afa694670e\B418564

VM Arguments:
jvm_args: -javaagent:C:\Program Files\JetBrains\IntelliJ IDEA Community Edition 2025.2.2\lib\idea_rt.jar=58640 -Dfile.encoding=UTF-8 
java_command: com.thumbling.main.Main
java_class_path (initial): C:\repositories\github\thumbling\target\classes;C:\Users\User\.m2\repository\org\lwjgl\lwjgl\3.3.4\lwjgl-3.3.4.jar;C:\Users\User\.m2\repository\org\lwjgl\lwjgl-glfw\3.3.4\lwjgl-glfw-3.3.4.jar;C:\Users\User\.m2\repository\org\lwjgl\lwjgl-opengl\3.3.4\lwjgl-opengl-3.3.4.jar;C:\Users\User\.m2\repository\org\lwjgl\lwjgl-stb\3.3.4\lwjgl-stb-3.3.4.jar;C:\Users\User\.m2\repository\org\lwjgl\lwjgl\3.3.4\lwjgl-3.3.4-natives-windows.jar;C:\Users\User\.m2\repository\org\lwjgl\lwjgl-glfw\3.3.4\lwjgl-glfw-3.3.4-natives-windows.jar;C:\Users\User\.m2\repository\org\lwjgl\lwjgl-opengl\3.3.4\lwjgl-opengl-3.3.4-natives-windows.jar;C:\Users\User\.m2\repository\org\lwjgl\lwjgl-stb\3.3.4\lwjgl-stb-3.3.4-natives-windows.jar
Launcher Type: SUN_STANDARD

[Global flags]
     intx CICompilerCount                          = 4                                         {product} {ergonomic}
     uint ConcGCThreads                            = 3                                         {product} {ergonomic}
     uint G1ConcRefinementThreads                  = 10                                        {product} {ergonomic}
   size_t G1HeapRegionSize                         = 2097152                                   {product} {ergonomic}
    uintx GCDrainStackTargetSize                   = 64                                        {product} {ergonomic}
   size_t InitialHeapSize                          = 266338304                                 {product} {ergonomic}
   size_t MarkStackSize                            = 4194304                                   {product} {ergonomic}
   size_t MaxHeapSize                              = 4261412864                                {product} {ergonomic}
   size_t MaxNewSize                               = 2556428288                                {product} {ergonomic}
   size_t MinHeapDeltaBytes                        = 2097152                                   {product} {ergonomic}
   size_t MinHeapSize                              = 8388608                                   {product} {ergonomic}
    uintx NonNMethodCodeHeapSize                   = 5839372                                {pd product} {ergonomic}
    uintx NonProfiledCodeHeapSize                  = 122909434                              {pd product} {ergonomic}
    uintx ProfiledCodeHeapSize                     = 122909434                              {pd product} {ergonomic}
    uintx ReservedCodeCacheSize                    = 251658240                              {pd product} {ergonomic}
     bool SegmentedCodeCache                       = true                                      {product} {ergonomic}
   size_t SoftMaxHeapSize                          = 4261412864                             {manageable} {ergonomic}
     bool UseCompressedClassPointers               = true                           {product lp64_product} {ergonomic}
     bool UseCompressedOops                        = true                           {product lp64_product} {ergonomic}
     bool UseG1GC                                  = true                                      {product} {ergonomic}
     bool UseLargePagesIndividualAllocation        = false                                  {pd product} {ergonomic}

Logging:
Log output configuration:
 #0: stdout all=warning uptime,level,tags
 #1: stderr all=off uptime,level,tags

Environment Variables:
PATH=C:\Program Files\Common Files\Oracle\Java\javapath;C:\WINDOWS\system32;C:\WINDOWS;C:\WINDOWS\System32\Wbem;C:\WINDOWS\System32\WindowsPowerShell\v1.0\;C:\WINDOWS\System32\OpenSSH\;C:\Program Files\Git\cmd;C:\Users\User\AppData\Local\nvm;C:\nvm4w\nodejs;C:\Program Files\MySQL\MySQL Server 8.0\bin;C:\ProgramData\ComposerSetup\bin;C:\Program Files (x86)\Windows Kits\10\Windows Performance Toolkit\;C:\ProgramData\chocolatey\bin;C:\Users\User\AppData\Local\Programs\Python\Python313\Scripts\;C:\Users\User\AppData\Local\Programs\Python\Python313\;C:\Users\User\AppData\Local\Programs\Python\Launcher\;C:\Program Files\MySQL\MySQL Shell 8.0\bin\;C:\Users\User\AppData\Local\Microsoft\WindowsApps;C:\Users\User\AppData\Local\GitHubDesktop\bin;C:\Users\User\AppData\Local\Programs\Microsoft VS Code\bin;C:\php-8.4.3;C:\Users\User\AppData\Roaming\Composer\vendor\bin;C:\flutter\bin;C:\Program Files\JetBrains\IntelliJ IDEA Community Edition 2025.2.2\bin
USERNAME=User
OS=Windows_NT
PROCESSOR_IDENTIFIER=AMD64 Family 25 Model 80 Stepping 0, AuthenticAMD



---------------  S Y S T E M  ---------------

OS:
 Windows 11 , 64 bit Build 26100 (10.0.26100.5074)
OS uptime: 0 days 4:21 hours

CPU: total 12 (initial active 12) (12 cores per cpu, 2 threads per core) family 25 model 80 stepping 0 microcode 0xa50000f, cx8, cmov, fxsr, ht, mmx, 3dnowpref, sse, sse2, sse3, ssse3, sse4a, sse4.1, sse4.2, popcnt, lzcnt, tsc, tscinvbit, avx, avx2, aes, erms, clmul, bmi1, bmi2, adx, sha, fma, vzeroupper, clflush, clflushopt

Memory: 4k page, system-wide physical 16251M (6381M free)
TotalPageFile size 27003M (AvailPageFile size 9986M)
current process WorkingSet (physical memory assigned to process): 101M, peak: 101M
current process commit charge ("private bytes"): 412M, peak: 412M

vm_info: Java HotSpot(TM) 64-Bit Server VM (17.0.12+8-LTS-286) for windows-amd64 JRE (17.0.12+8-LTS-286), built on Jun  5 2024 06:46:59 by "mach5one" with MS VC++ 17.6 (VS2022)

END.
